Component: ARM Compiler 6.16 Tool: armlink [5dfeaa00]

==============================================================================

Section Cross References

    startup_at32f415.o(STACK) refers (Special) to heapauxi.o(.text) for __use_two_region_memory
    startup_at32f415.o(HEAP) refers (Special) to heapauxi.o(.text) for __use_two_region_memory
    startup_at32f415.o(RESET) refers (Special) to heapauxi.o(.text) for __use_two_region_memory
    startup_at32f415.o(RESET) refers to startup_at32f415.o(STACK) for __initial_sp
    startup_at32f415.o(RESET) refers to startup_at32f415.o(.text) for Reset_Handler
    startup_at32f415.o(RESET) refers to at32f415_it.o(.text.NMI_Handler) for NMI_Handler
    startup_at32f415.o(RESET) refers to at32f415_it.o(.text.HardFault_Handler) for HardFault_Handler
    startup_at32f415.o(RESET) refers to at32f415_it.o(.text.MemManage_Handler) for MemManage_Handler
    startup_at32f415.o(RESET) refers to at32f415_it.o(.text.BusFault_Handler) for BusFault_Handler
    startup_at32f415.o(RESET) refers to at32f415_it.o(.text.UsageFault_Handler) for UsageFault_Handler
    startup_at32f415.o(RESET) refers to at32f415_it.o(.text.SVC_Handler) for SVC_Handler
    startup_at32f415.o(RESET) refers to at32f415_it.o(.text.DebugMon_Handler) for DebugMon_Handler
    startup_at32f415.o(RESET) refers to at32f415_it.o(.text.PendSV_Handler) for PendSV_Handler
    startup_at32f415.o(RESET) refers to at32f415_it.o(.text.SysTick_Handler) for SysTick_Handler
    startup_at32f415.o(.text) refers (Special) to heapauxi.o(.text) for __use_two_region_memory
    startup_at32f415.o(.text) refers to system_at32f415.o(.text.SystemInit) for SystemInit
    startup_at32f415.o(.text) refers to __main.o(!!!main) for __main
    startup_at32f415.o(.text) refers to startup_at32f415.o(HEAP) for Heap_Mem
    startup_at32f415.o(.text) refers to startup_at32f415.o(STACK) for Stack_Mem
    system_at32f415.o(.ARM.exidx.text.SystemInit) refers to system_at32f415.o(.text.SystemInit) for [Anonymous Symbol]
    system_at32f415.o(.text.system_core_clock_update) refers to at32f415_crm.o(.text.crm_sysclk_switch_status_get) for crm_sysclk_switch_status_get
    system_at32f415.o(.text.system_core_clock_update) refers to system_at32f415.o(.data.system_core_clock) for system_core_clock
    system_at32f415.o(.ARM.exidx.text.system_core_clock_update) refers to system_at32f415.o(.text.system_core_clock_update) for [Anonymous Symbol]
    main.o(.text.gpio_mode_set) refers to at32f415_gpio.o(.text.gpio_default_para_init) for gpio_default_para_init
    main.o(.text.gpio_mode_set) refers to at32f415_gpio.o(.text.gpio_init) for gpio_init
    main.o(.ARM.exidx.text.gpio_mode_set) refers to main.o(.text.gpio_mode_set) for [Anonymous Symbol]
    main.o(.ARM.exidx.text.delayMicroseconds) refers to main.o(.text.delayMicroseconds) for [Anonymous Symbol]
    main.o(.text.jump) refers to main.o(.bss..L_MergedGlobals.1) for [Anonymous Symbol]
    main.o(.ARM.exidx.text.jump) refers to main.o(.text.jump) for [Anonymous Symbol]
    main.o(.text.makeCrc) refers to main.o(.bss..L_MergedGlobals.1) for [Anonymous Symbol]
    main.o(.ARM.exidx.text.makeCrc) refers to main.o(.text.makeCrc) for [Anonymous Symbol]
    main.o(.text.checkCrc) refers to main.o(.text.makeCrc) for makeCrc
    main.o(.text.checkCrc) refers to main.o(.bss..L_MergedGlobals.1) for [Anonymous Symbol]
    main.o(.ARM.exidx.text.checkCrc) refers to main.o(.text.checkCrc) for [Anonymous Symbol]
    main.o(.text.setReceive) refers to main.o(.text.gpio_mode_set) for gpio_mode_set
    main.o(.text.setReceive) refers to main.o(.bss.received) for received
    main.o(.ARM.exidx.text.setReceive) refers to main.o(.text.setReceive) for [Anonymous Symbol]
    main.o(.text.setTransmit) refers to main.o(.text.gpio_mode_set) for gpio_mode_set
    main.o(.ARM.exidx.text.setTransmit) refers to main.o(.text.setTransmit) for [Anonymous Symbol]
    main.o(.text.send_ACK) refers to main.o(.text.setTransmit) for setTransmit
    main.o(.text.send_ACK) refers to main.o(.text.serialwriteChar) for serialwriteChar
    main.o(.text.send_ACK) refers to main.o(.text.setReceive) for setReceive
    main.o(.text.send_ACK) refers to main.o(.data..L_MergedGlobals) for [Anonymous Symbol]
    main.o(.ARM.exidx.text.send_ACK) refers to main.o(.text.send_ACK) for [Anonymous Symbol]
    main.o(.text.serialwriteChar) refers to main.o(.text.delayMicroseconds) for delayMicroseconds
    main.o(.ARM.exidx.text.serialwriteChar) refers to main.o(.text.serialwriteChar) for [Anonymous Symbol]
    main.o(.text.send_BAD_ACK) refers to main.o(.text.setTransmit) for setTransmit
    main.o(.text.send_BAD_ACK) refers to main.o(.text.serialwriteChar) for serialwriteChar
    main.o(.text.send_BAD_ACK) refers to main.o(.text.setReceive) for setReceive
    main.o(.ARM.exidx.text.send_BAD_ACK) refers to main.o(.text.send_BAD_ACK) for [Anonymous Symbol]
    main.o(.text.send_BAD_CRC_ACK) refers to main.o(.text.setTransmit) for setTransmit
[...]
    Removing at32f415_tmr.o(.text.tmr_output_default_para_init), (4 bytes).
    Removing at32f415_tmr.o(.ARM.exidx.text.tmr_output_default_para_init), (8 bytes).
    Removing at32f415_tmr.o(.text.tmr_input_default_para_init), (8 bytes).
    Removing at32f415_tmr.o(.ARM.exidx.text.tmr_input_default_para_init), (8 bytes).
    Removing at32f415_tmr.o(.text.tmr_brkdt_default_para_init), (4 bytes).
    Removing at32f415_tmr.o(.ARM.exidx.text.tmr_brkdt_default_para_init), (8 bytes).
    Removing at32f415_tmr.o(.text.tmr_base_init), (14 bytes).
    Removing at32f415_tmr.o(.ARM.exidx.text.tmr_base_init), (8 bytes).
    Removing at32f415_tmr.o(.text.tmr_clock_source_div_set), (18 bytes).
    Removing at32f415_tmr.o(.ARM.exidx.text.tmr_clock_source_div_set), (8 bytes).
    Removing at32f415_tmr.o(.text.tmr_cnt_dir_set), (18 bytes).
    Removing at32f415_tmr.o(.ARM.exidx.text.tmr_cnt_dir_set), (8 bytes).
    Removing at32f415_tmr.o(.text.tmr_repetition_counter_set), (12 bytes).
    Removing at32f415_tmr.o(.ARM.exidx.text.tmr_repetition_counter_set), (8 bytes).
    Removing at32f415_tmr.o(.text.tmr_counter_value_set), (4 bytes).
    Removing at32f415_tmr.o(.ARM.exidx.text.tmr_counter_value_set), (8 bytes).
    Removing at32f415_tmr.o(.text.tmr_counter_value_get), (4 bytes).
    Removing at32f415_tmr.o(.ARM.exidx.text.tmr_counter_value_get), (8 bytes).
    Removing at32f415_tmr.o(.text.tmr_div_value_set), (4 bytes).
    Removing at32f415_tmr.o(.ARM.exidx.text.tmr_div_value_set), (8 bytes).
    Removing at32f415_tmr.o(.text.tmr_div_value_get), (4 bytes).
    Removing at32f415_tmr.o(.ARM.exidx.text.tmr_div_value_get), (8 bytes).
    Removing at32f415_tmr.o(.text.tmr_output_channel_config), (244 bytes).
    Removing at32f415_tmr.o(.ARM.exidx.text.tmr_output_channel_config), (8 bytes).
    Removing at32f415_tmr.o(.text.tmr_output_channel_mode_select), (70 bytes).
    Removing at32f415_tmr.o(.ARM.exidx.text.tmr_output_channel_mode_select), (8 bytes).
    Removing at32f415_tmr.o(.text.tmr_period_value_set), (4 bytes).
    Removing at32f415_tmr.o(.ARM.exidx.text.tmr_period_value_set), (8 bytes).
    Removing at32f415_tmr.o(.text.tmr_period_value_get), (4 bytes).
    Removing at32f415_tmr.o(.ARM.exidx.text.tmr_period_value_get), (8 bytes).
    Removing at32f415_tmr.o(.text.tmr_channel_value_set), (32 bytes).
    Removing at32f415_tmr.o(.ARM.exidx.text.tmr_channel_value_set), (8 bytes).
    Removing at32f415_tmr.o(.text.tmr_channel_value_get), (36 bytes).
    Removing at32f415_tmr.o(.ARM.exidx.text.tmr_channel_value_get), (8 bytes).
    Removing at32f415_tmr.o(.text.tmr_period_buffer_enable), (18 bytes).
    Removing at32f415_tmr.o(.ARM.exidx.text.tmr_period_buffer_enable), (8 bytes).
    Removing at32f415_tmr.o(.text.tmr_output_channel_buffer_enable), (70 bytes).
    Removing at32f415_tmr.o(.ARM.exidx.text.tmr_output_channel_buffer_enable), (8 bytes).
    Removing at32f415_tmr.o(.text.tmr_output_channel_immediately_set), (70 bytes).
    Removing at32f415_tmr.o(.ARM.exidx.text.tmr_output_channel_immediately_set), (8 bytes).
    Removing at32f415_tmr.o(.text.tmr_output_channel_switch_set), (62 bytes).
    Removing at32f415_tmr.o(.ARM.exidx.text.tmr_output_channel_switch_set), (8 bytes).
    Removing at32f415_tmr.o(.text.tmr_one_cycle_mode_enable), (18 bytes).
    Removing at32f415_tmr.o(.ARM.exidx.text.tmr_one_cycle_mode_enable), (8 bytes).
    Removing at32f415_tmr.o(.text.tmr_32_bit_function_enable), (36 bytes).
    Removing at32f415_tmr.o(.ARM.exidx.text.tmr_32_bit_function_enable), (8 bytes).
    Removing at32f415_tmr.o(.text.tmr_overflow_request_source_set), (18 bytes).
    Removing at32f415_tmr.o(.ARM.exidx.text.tmr_overflow_request_source_set), (8 bytes).
    Removing at32f415_tmr.o(.text.tmr_overflow_event_disable), (18 bytes).
    Removing at32f415_tmr.o(.ARM.exidx.text.tmr_overflow_event_disable), (8 bytes).
    Removing at32f415_tmr.o(.text.tmr_input_channel_init), (266 bytes).
    Removing at32f415_tmr.o(.ARM.exidx.text.tmr_input_channel_init), (8 bytes).
    Removing at32f415_tmr.o(.text.tmr_channel_enable), (130 bytes).
    Removing at32f415_tmr.o(.ARM.exidx.text.tmr_channel_enable), (8 bytes).
    Removing at32f415_tmr.o(.text.tmr_input_channel_filter_set), (62 bytes).
    Removing at32f415_tmr.o(.ARM.exidx.text.tmr_input_channel_filter_set), (8 bytes).
    Removing at32f415_tmr.o(.text.tmr_pwm_input_config), (262 bytes).
    Removing at32f415_tmr.o(.ARM.exidx.text.tmr_pwm_input_config), (8 bytes).
    Removing at32f415_tmr.o(.text.tmr_channel1_input_select), (18 bytes).
    Removing at32f415_tmr.o(.ARM.exidx.text.tmr_channel1_input_select), (8 bytes).
    Removing at32f415_tmr.o(.text.tmr_input_channel_divider_set), (70 bytes).
    Removing at32f415_tmr.o(.ARM.exidx.text.tmr_input_channel_divider_set), (8 bytes).
    Removing at32f415_tmr.o(.text.tmr_primary_mode_select), (18 bytes).
    Removing at32f415_tmr.o(.ARM.exidx.text.tmr_primary_mode_select), (8 bytes).
    Removing at32f415_tmr.o(.text.tmr_sub_mode_select), (10 bytes).
    Removing at32f415_tmr.o(.ARM.exidx.text.tmr_sub_mode_select), (8 bytes).
    Removing at32f415_tmr.o(.text.tmr_channel_dma_select), (18 bytes).
    Removing at32f415_tmr.o(.ARM.exidx.text.tmr_channel_dma_select), (8 bytes).
    Removing at32f415_tmr.o(.text.tmr_hall_select), (18 bytes).
    Removing at32f415_tmr.o(.ARM.exidx.text.tmr_hall_select), (8 bytes).
    Removing at32f415_tmr.o(.text.tmr_channel_buffer_enable), (10 bytes).
    Removing at32f415_tmr.o(.ARM.exidx.text.tmr_channel_buffer_enable), (8 bytes).
    Removing at32f415_tmr.o(.text.tmr_trigger_input_select), (18 bytes).
    Removing at32f415_tmr.o(.ARM.exidx.text.tmr_trigger_input_select), (8 bytes).
    Removing at32f415_tmr.o(.text.tmr_sub_sync_mode_set), (18 bytes).
    Removing at32f415_tmr.o(.ARM.exidx.text.tmr_sub_sync_mode_set), (8 bytes).
    Removing at32f415_tmr.o(.text.tmr_dma_request_enable), (22 bytes).
    Removing at32f415_tmr.o(.ARM.exidx.text.tmr_dma_request_enable), (8 bytes).
    Removing at32f415_tmr.o(.text.tmr_interrupt_enable), (22 bytes).
    Removing at32f415_tmr.o(.ARM.exidx.text.tmr_interrupt_enable), (8 bytes).
    Removing at32f415_tmr.o(.text.tmr_flag_get), (10 bytes).
    Removing at32f415_tmr.o(.ARM.exidx.text.tmr_flag_get), (8 bytes).
    Removing at32f415_tmr.o(.text.tmr_flag_clear), (6 bytes).
    Removing at32f415_tmr.o(.ARM.exidx.text.tmr_flag_clear), (8 bytes).
    Removing at32f415_tmr.o(.text.tmr_event_sw_trigger), (8 bytes).
    Removing at32f415_tmr.o(.ARM.exidx.text.tmr_event_sw_trigger), (8 bytes).
    Removing at32f415_tmr.o(.text.tmr_output_enable), (18 bytes).
    Removing at32f415_tmr.o(.ARM.exidx.text.tmr_output_enable), (8 bytes).
    Removing at32f415_tmr.o(.text.tmr_internal_clock_set), (10 bytes).
    Removing at32f415_tmr.o(.ARM.exidx.text.tmr_internal_clock_set), (8 bytes).
    Removing at32f415_tmr.o(.text.tmr_output_channel_polarity_set), (130 bytes).
    Removing at32f415_tmr.o(.ARM.exidx.text.tmr_output_channel_polarity_set), (8 bytes).
    Removing at32f415_tmr.o(.text.tmr_external_clock_config), (52 bytes).
    Removing at32f415_tmr.o(.ARM.exidx.text.tmr_external_clock_config), (8 bytes).
    Removing at32f415_tmr.o(.text.tmr_external_clock_mode1_config), (26 bytes).
    Removing at32f415_tmr.o(.ARM.exidx.text.tmr_external_clock_mode1_config), (8 bytes).
    Removing at32f415_tmr.o(.text.tmr_external_clock_mode2_config), (18 bytes).
    Removing at32f415_tmr.o(.ARM.exidx.text.tmr_external_clock_mode2_config), (8 bytes).
    Removing at32f415_tmr.o(.text.tmr_encoder_mode_config), (70 bytes).
    Removing at32f415_tmr.o(.ARM.exidx.text.tmr_encoder_mode_config), (8 bytes).
    Removing at32f415_tmr.o(.text.tmr_force_output_set), (70 bytes).
    Removing at32f415_tmr.o(.ARM.exidx.text.tmr_force_output_set), (8 bytes).
    Removing at32f415_tmr.o(.text.tmr_dma_control_config), (26 bytes).
    Removing at32f415_tmr.o(.ARM.exidx.text.tmr_dma_control_config), (8 bytes).
    Removing at32f415_tmr.o(.text.tmr_brkdt_config), (122 bytes).
    Removing at32f415_tmr.o(.ARM.exidx.text.tmr_brkdt_config), (8 bytes).
    Removing at32f415_tmr.o(.text.OUTLINED_FUNCTION_0), (32 bytes).
    Removing at32f415_tmr.o(.ARM.exidx.text.OUTLINED_FUNCTION_0), (8 bytes).
    Removing at32f415_tmr.o(.text.OUTLINED_FUNCTION_1), (24 bytes).
    Removing at32f415_tmr.o(.ARM.exidx.text.OUTLINED_FUNCTION_1), (8 bytes).
    Removing at32f415_tmr.o(.text.OUTLINED_FUNCTION_2), (10 bytes).
    Removing at32f415_tmr.o(.ARM.exidx.text.OUTLINED_FUNCTION_2), (8 bytes).
    Removing at32f415_usart.o(.text), (0 bytes).
    Removing at32f415_usart.o(.text.usart_reset), (108 bytes).
    Removing at32f415_usart.o(.ARM.exidx.text.usart_reset), (8 bytes).
    Removing at32f415_usart.o(.text.usart_init), (120 bytes).
    Removing at32f415_usart.o(.ARM.exidx.text.usart_init), (8 bytes).
    Removing at32f415_usart.o(.text.usart_parity_selection_config), (52 bytes).
    Removing at32f415_usart.o(.ARM.exidx.text.usart_parity_selection_config), (8 bytes).
    Removing at32f415_usart.o(.text.usart_enable), (18 bytes).
    Removing at32f415_usart.o(.ARM.exidx.text.usart_enable), (8 bytes).
    Removing at32f415_usart.o(.text.usart_transmitter_enable), (18 bytes).
    Removing at32f415_usart.o(.ARM.exidx.text.usart_transmitter_enable), (8 bytes).
    Removing at32f415_usart.o(.text.usart_receiver_enable), (18 bytes).
    Removing at32f415_usart.o(.ARM.exidx.text.usart_receiver_enable), (8 bytes).
    Removing at32f415_usart.o(.text.usart_clock_config), (52 bytes).
    Removing at32f415_usart.o(.ARM.exidx.text.usart_clock_config), (8 bytes).
    Removing at32f415_usart.o(.text.usart_clock_enable), (18 bytes).
    Removing at32f415_usart.o(.ARM.exidx.text.usart_clock_enable), (8 bytes).
    Removing at32f415_usart.o(.text.usart_interrupt_enable), (28 bytes).
    Removing at32f415_usart.o(.ARM.exidx.text.usart_interrupt_enable), (8 bytes).
    Removing at32f415_usart.o(.text.usart_dma_transmitter_enable), (18 bytes).
    Removing at32f415_usart.o(.ARM.exidx.text.usart_dma_transmitter_enable), (8 bytes).
    Removing at32f415_usart.o(.text.usart_dma_receiver_enable), (18 bytes).
    Removing at32f415_usart.o(.ARM.exidx.text.usart_dma_receiver_enable), (8 bytes).
    Removing at32f415_usart.o(.text.usart_wakeup_id_set), (10 bytes).
    Removing at32f415_usart.o(.ARM.exidx.text.usart_wakeup_id_set), (8 bytes).
    Removing at32f415_usart.o(.text.usart_wakeup_mode_set), (18 bytes).
    Removing at32f415_usart.o(.ARM.exidx.text.usart_wakeup_mode_set), (8 bytes).
    Removing at32f415_usart.o(.text.usart_receiver_mute_enable), (18 bytes).
    Removing at32f415_usart.o(.ARM.exidx.text.usart_receiver_mute_enable), (8 bytes).
    Removing at32f415_usart.o(.text.usart_break_bit_num_set), (18 bytes).
    Removing at32f415_usart.o(.ARM.exidx.text.usart_break_bit_num_set), (8 bytes).
    Removing at32f415_usart.o(.text.usart_lin_mode_enable), (18 bytes).
    Removing at32f415_usart.o(.ARM.exidx.text.usart_lin_mode_enable), (8 bytes).
    Removing at32f415_usart.o(.text.usart_data_transmit), (8 bytes).
    Removing at32f415_usart.o(.ARM.exidx.text.usart_data_transmit), (8 bytes).
    Removing at32f415_usart.o(.text.usart_data_receive), (6 bytes).
    Removing at32f415_usart.o(.ARM.exidx.text.usart_data_receive), (8 bytes).
    Removing at32f415_usart.o(.text.usart_break_send), (10 bytes).
    Removing at32f415_usart.o(.ARM.exidx.text.usart_break_send), (8 bytes).
    Removing at32f415_usart.o(.text.usart_smartcard_guard_time_set), (14 bytes).
    Removing at32f415_usart.o(.ARM.exidx.text.usart_smartcard_guard_time_set), (8 bytes).
    Removing at32f415_usart.o(.text.usart_irda_smartcard_division_set), (12 bytes).
    Removing at32f415_usart.o(.ARM.exidx.text.usart_irda_smartcard_division_set), (8 bytes).
    Removing at32f415_usart.o(.text.usart_smartcard_mode_enable), (18 bytes).
    Removing at32f415_usart.o(.ARM.exidx.text.usart_smartcard_mode_enable), (8 bytes).
    Removing at32f415_usart.o(.text.usart_smartcard_nack_set), (18 bytes).
    Removing at32f415_usart.o(.ARM.exidx.text.usart_smartcard_nack_set), (8 bytes).
    Removing at32f415_usart.o(.text.usart_single_line_halfduplex_select), (18 bytes).
    Removing at32f415_usart.o(.ARM.exidx.text.usart_single_line_halfduplex_select), (8 bytes).
    Removing at32f415_usart.o(.text.usart_irda_mode_enable), (18 bytes).
    Removing at32f415_usart.o(.ARM.exidx.text.usart_irda_mode_enable), (8 bytes).
    Removing at32f415_usart.o(.text.usart_irda_low_power_enable), (18 bytes).
    Removing at32f415_usart.o(.ARM.exidx.text.usart_irda_low_power_enable), (8 bytes).
    Removing at32f415_usart.o(.text.usart_hardware_flow_control_set), (62 bytes).
    Removing at32f415_usart.o(.ARM.exidx.text.usart_hardware_flow_control_set), (8 bytes).
    Removing at32f415_usart.o(.text.usart_flag_get), (10 bytes).
    Removing at32f415_usart.o(.ARM.exidx.text.usart_flag_get), (8 bytes).
    Removing at32f415_usart.o(.text.usart_flag_clear), (14 bytes).
    Removing at32f415_usart.o(.ARM.exidx.text.usart_flag_clear), (8 bytes).
    Removing at32f415_usb.o(.text), (0 bytes).
    Removing at32f415_usb.o(.text.usb_global_reset), (40 bytes).
    Removing at32f415_usb.o(.ARM.exidx.text.usb_global_reset), (8 bytes).
    Removing at32f415_usb.o(.text.usb_global_init), (34 bytes).
    Removing at32f415_usb.o(.ARM.exidx.text.usb_global_init), (8 bytes).
    Removing at32f415_usb.o(.text.usb_global_select_core), (6 bytes).
    Removing at32f415_usb.o(.ARM.exidx.text.usb_global_select_core), (8 bytes).
    Removing at32f415_usb.o(.text.usb_flush_tx_fifo), (36 bytes).
    Removing at32f415_usb.o(.ARM.exidx.text.usb_flush_tx_fifo), (8 bytes).
    Removing at32f415_usb.o(.text.usb_flush_rx_fifo), (28 bytes).
    Removing at32f415_usb.o(.ARM.exidx.text.usb_flush_rx_fifo), (8 bytes).
    Removing at32f415_usb.o(.text.usb_global_interrupt_enable), (16 bytes).
    Removing at32f415_usb.o(.ARM.exidx.text.usb_global_interrupt_enable), (8 bytes).
    Removing at32f415_usb.o(.text.usb_global_get_all_interrupt), (8 bytes).
    Removing at32f415_usb.o(.ARM.exidx.text.usb_global_get_all_interrupt), (8 bytes).
    Removing at32f415_usb.o(.text.usb_global_clear_interrupt), (4 bytes).
    Removing at32f415_usb.o(.ARM.exidx.text.usb_global_clear_interrupt), (8 bytes).
    Removing at32f415_usb.o(.text.usb_interrupt_enable), (10 bytes).
    Removing at32f415_usb.o(.ARM.exidx.text.usb_interrupt_enable), (8 bytes).
    Removing at32f415_usb.o(.text.usb_interrupt_disable), (10 bytes).
    Removing at32f415_usb.o(.ARM.exidx.text.usb_interrupt_disable), (8 bytes).
    Removing at32f415_usb.o(.text.usb_set_rx_fifo), (4 bytes).
    Removing at32f415_usb.o(.ARM.exidx.text.usb_set_rx_fifo), (8 bytes).
    Removing at32f415_usb.o(.text.usb_set_tx_fifo), (60 bytes).
    Removing at32f415_usb.o(.ARM.exidx.text.usb_set_tx_fifo), (8 bytes).
    Removing at32f415_usb.o(.text.usb_global_set_mode), (60 bytes).
    Removing at32f415_usb.o(.ARM.exidx.text.usb_global_set_mode), (8 bytes).
    Removing at32f415_usb.o(.text.usb_global_power_on), (24 bytes).
    Removing at32f415_usb.o(.ARM.exidx.text.usb_global_power_on), (8 bytes).
    Removing at32f415_usb.o(.text.usb_stop_phy_clk), (14 bytes).
    Removing at32f415_usb.o(.ARM.exidx.text.usb_stop_phy_clk), (8 bytes).
    Removing at32f415_usb.o(.text.usb_open_phy_clk), (14 bytes).
    Removing at32f415_usb.o(.ARM.exidx.text.usb_open_phy_clk), (8 bytes).
    Removing at32f415_usb.o(.text.usb_write_packet), (26 bytes).
    Removing at32f415_usb.o(.ARM.exidx.text.usb_write_packet), (8 bytes).
    Removing at32f415_usb.o(.text.usb_read_packet), (24 bytes).
    Removing at32f415_usb.o(.ARM.exidx.text.usb_read_packet), (8 bytes).
    Removing at32f415_usb.o(.text.usb_ept_open), (206 bytes).
    Removing at32f415_usb.o(.ARM.exidx.text.usb_ept_open), (8 bytes).
    Removing at32f415_usb.o(.text.usb_ept_close), (68 bytes).
    Removing at32f415_usb.o(.ARM.exidx.text.usb_ept_close), (8 bytes).
    Removing at32f415_usb.o(.text.usb_ept_stall), (52 bytes).
    Removing at32f415_usb.o(.ARM.exidx.text.usb_ept_stall), (8 bytes).
    Removing at32f415_usb.o(.text.usb_ept_clear_stall), (50 bytes).
    Removing at32f415_usb.o(.ARM.exidx.text.usb_ept_clear_stall), (8 bytes).
    Removing at32f415_usb.o(.text.usb_get_all_out_interrupt), (14 bytes).
    Removing at32f415_usb.o(.ARM.exidx.text.usb_get_all_out_interrupt), (8 bytes).
    Removing at32f415_usb.o(.text.usb_get_all_in_interrupt), (14 bytes).
    Removing at32f415_usb.o(.ARM.exidx.text.usb_get_all_in_interrupt), (8 bytes).
    Removing at32f415_usb.o(.text.usb_ept_out_interrupt), (16 bytes).
    Removing at32f415_usb.o(.ARM.exidx.text.usb_ept_out_interrupt), (8 bytes).
    Removing at32f415_usb.o(.text.usb_ept_in_interrupt), (28 bytes).
    Removing at32f415_usb.o(.ARM.exidx.text.usb_ept_in_interrupt), (8 bytes).
    Removing at32f415_usb.o(.text.usb_ept_out_clear), (10 bytes).
    Removing at32f415_usb.o(.ARM.exidx.text.usb_ept_out_clear), (8 bytes).
    Removing at32f415_usb.o(.text.usb_ept_in_clear), (10 bytes).
    Removing at32f415_usb.o(.ARM.exidx.text.usb_ept_in_clear), (8 bytes).
    Removing at32f415_usb.o(.text.usb_set_address), (22 bytes).
    Removing at32f415_usb.o(.ARM.exidx.text.usb_set_address), (8 bytes).
    Removing at32f415_usb.o(.text.usb_ept0_start), (48 bytes).
    Removing at32f415_usb.o(.ARM.exidx.text.usb_ept0_start), (8 bytes).
    Removing at32f415_usb.o(.text.usb_ept0_setup), (26 bytes).
    Removing at32f415_usb.o(.ARM.exidx.text.usb_ept0_setup), (8 bytes).
    Removing at32f415_usb.o(.text.usb_connect), (12 bytes).
    Removing at32f415_usb.o(.ARM.exidx.text.usb_connect), (8 bytes).
    Removing at32f415_usb.o(.text.usb_disconnect), (12 bytes).
    Removing at32f415_usb.o(.ARM.exidx.text.usb_disconnect), (8 bytes).
    Removing at32f415_usb.o(.text.usb_remote_wkup_set), (12 bytes).
    Removing at32f415_usb.o(.ARM.exidx.text.usb_remote_wkup_set), (8 bytes).
    Removing at32f415_usb.o(.text.usb_remote_wkup_clear), (12 bytes).
    Removing at32f415_usb.o(.ARM.exidx.text.usb_remote_wkup_clear), (8 bytes).
    Removing at32f415_usb.o(.text.usb_suspend_status_get), (10 bytes).
    Removing at32f415_usb.o(.ARM.exidx.text.usb_suspend_status_get), (8 bytes).
    Removing at32f415_usb.o(.text.usb_port_power_on), (24 bytes).
    Removing at32f415_usb.o(.ARM.exidx.text.usb_port_power_on), (8 bytes).
    Removing at32f415_usb.o(.text.usbh_get_frame), (8 bytes).
    Removing at32f415_usb.o(.ARM.exidx.text.usbh_get_frame), (8 bytes).
    Removing at32f415_usb.o(.text.usb_hc_enable), (182 bytes).
    Removing at32f415_usb.o(.ARM.exidx.text.usb_hc_enable), (8 bytes).
    Removing at32f415_usb.o(.text.usb_hch_read_interrupt), (8 bytes).
    Removing at32f415_usb.o(.ARM.exidx.text.usb_hch_read_interrupt), (8 bytes).
    Removing at32f415_usb.o(.text.usb_host_disable), (144 bytes).
    Removing at32f415_usb.o(.ARM.exidx.text.usb_host_disable), (8 bytes).
    Removing at32f415_usb.o(.text.usb_hch_halt), (132 bytes).
    Removing at32f415_usb.o(.ARM.exidx.text.usb_hch_halt), (8 bytes).
    Removing at32f415_usb.o(.text.usbh_fsls_clksel), (30 bytes).
    Removing at32f415_usb.o(.ARM.exidx.text.usbh_fsls_clksel), (8 bytes).
    Removing at32f415_usb.o(.text.OUTLINED_FUNCTION_0), (20 bytes).
    Removing at32f415_usb.o(.ARM.exidx.text.OUTLINED_FUNCTION_0), (8 bytes).
    Removing at32f415_usb.o(.text.OUTLINED_FUNCTION_1), (6 bytes).
    Removing at32f415_usb.o(.ARM.exidx.text.OUTLINED_FUNCTION_1), (8 bytes).
    Removing at32f415_usb.o(.text.OUTLINED_FUNCTION_2), (14 bytes).
    Removing at32f415_usb.o(.ARM.exidx.text.OUTLINED_FUNCTION_2), (8 bytes).
    Removing at32f415_wdt.o(.text), (0 bytes).
    Removing at32f415_wdt.o(.text.wdt_enable), (16 bytes).
    Removing at32f415_wdt.o(.ARM.exidx.text.wdt_enable), (8 bytes).
    Removing at32f415_wdt.o(.text.wdt_counter_reload), (16 bytes).
    Removing at32f415_wdt.o(.ARM.exidx.text.wdt_counter_reload), (8 bytes).
    Removing at32f415_wdt.o(.text.wdt_reload_value_set), (12 bytes).
    Removing at32f415_wdt.o(.ARM.exidx.text.wdt_reload_value_set), (8 bytes).
    Removing at32f415_wdt.o(.text.wdt_divider_set), (16 bytes).
    Removing at32f415_wdt.o(.ARM.exidx.text.wdt_divider_set), (8 bytes).
    Removing at32f415_wdt.o(.text.wdt_register_write_enable), (20 bytes).
    Removing at32f415_wdt.o(.ARM.exidx.text.wdt_register_write_enable), (8 bytes).
    Removing at32f415_wdt.o(.text.wdt_flag_get), (16 bytes).
    Removing at32f415_wdt.o(.ARM.exidx.text.wdt_flag_get), (8 bytes).
    Removing at32f415_wwdt.o(.text), (0 bytes).
    Removing at32f415_wwdt.o(.text.wwdt_reset), (28 bytes).
    Removing at32f415_wwdt.o(.ARM.exidx.text.wwdt_reset), (8 bytes).
    Removing at32f415_wwdt.o(.text.wwdt_divider_set), (24 bytes).
    Removing at32f415_wwdt.o(.ARM.exidx.text.wwdt_divider_set), (8 bytes).
    Removing at32f415_wwdt.o(.text.wwdt_flag_clear), (12 bytes).
    Removing at32f415_wwdt.o(.ARM.exidx.text.wwdt_flag_clear), (8 bytes).
    Removing at32f415_wwdt.o(.text.wwdt_enable), (16 bytes).
    Removing at32f415_wwdt.o(.ARM.exidx.text.wwdt_enable), (8 bytes).
    Removing at32f415_wwdt.o(.text.wwdt_interrupt_enable), (16 bytes).
    Removing at32f415_wwdt.o(.ARM.exidx.text.wwdt_interrupt_enable), (8 bytes).
    Removing at32f415_wwdt.o(.text.wwdt_flag_get), (16 bytes).
    Removing at32f415_wwdt.o(.ARM.exidx.text.wwdt_flag_get), (8 bytes).
    Removing at32f415_wwdt.o(.text.wwdt_counter_set), (12 bytes).
    Removing at32f415_wwdt.o(.ARM.exidx.text.wwdt_counter_set), (8 bytes).
    Removing at32f415_wwdt.o(.text.wwdt_window_counter_set), (12 bytes).
    Removing at32f415_wwdt.o(.ARM.exidx.text.wwdt_window_counter_set), (8 bytes).
    Removing at32f415_wwdt.o(.text.OUTLINED_FUNCTION_0), (10 bytes).
    Removing at32f415_wwdt.o(.ARM.exidx.text.OUTLINED_FUNCTION_0), (8 bytes).

1069 unused section(s) (total 22311 bytes) removed from the image.

==============================================================================

Image Symbol Table

    Local Symbols

    Symbol Name                              Value     Ov Type        Size  Object(Section)

    ../clib/angel/boardlib.s                 0x00000000   Number         0  boardinit1.o ABSOLUTE
    ../clib/angel/boardlib.s                 0x00000000   Number         0  boardinit2.o ABSOLUTE
    ../clib/angel/boardlib.s                 0x00000000   Number         0  boardinit3.o ABSOLUTE
    ../clib/angel/boardlib.s                 0x00000000   Number         0  boardshut.o ABSOLUTE
    ../clib/angel/handlers.s                 0x00000000   Number         0  __scatter_copy.o ABSOLUTE
    ../clib/angel/handlers.s                 0x00000000   Number         0  __scatter_zi.o ABSOLUTE
    ../clib/angel/kernel.s                   0x00000000   Number         0  __rtentry.o ABSOLUTE
    ../clib/angel/kernel.s                   0x00000000   Number         0  __rtentry2.o ABSOLUTE
    ../clib/angel/kernel.s                   0x00000000   Number         0  __rtentry4.o ABSOLUTE
    ../clib/angel/kernel.s                   0x00000000   Number         0  rtexit.o ABSOLUTE
    ../clib/angel/kernel.s                   0x00000000   Number         0  rtexit2.o ABSOLUTE
    ../clib/angel/rt.s                       0x00000000   Number         0  rt_raise.o ABSOLUTE
    ../clib/angel/scatter.s                  0x00000000   Number         0  __scatter.o ABSOLUTE
    ../clib/angel/startup.s                  0x00000000   Number         0  __main.o ABSOLUTE
    ../clib/angel/sys.s                      0x00000000   Number         0  sys_stackheap_outer.o ABSOLUTE
    ../clib/angel/sys.s                      0x00000000   Number         0  libspace.o ABSOLUTE
    ../clib/angel/sys.s                      0x00000000   Number         0  use_no_semi.o ABSOLUTE
    ../clib/angel/sys.s                      0x00000000   Number         0  indicate_semi.o ABSOLUTE
    ../clib/angel/sysapp.c                   0x00000000   Number         0  sys_exit.o ABSOLUTE
    ../clib/angel/sysapp.c                   0x00000000   Number         0  sys_exit_hlt.o ABSOLUTE
    ../clib/angel/sysapp.c                   0x00000000   Number         0  sys_command.o ABSOLUTE
    ../clib/angel/sysapp.c                   0x00000000   Number         0  sys_command_hlt.o ABSOLUTE
    ../clib/angel/sysapp.c                   0x00000000   Number         0  sys_wrch.o ABSOLUTE
    ../clib/angel/sysapp.c                   0x00000000   Number         0  sys_wrch_hlt.o ABSOLUTE
    ../clib/armsys.c                         0x00000000   Number         0  argv_veneer.o ABSOLUTE
    ../clib/armsys.c                         0x00000000   Number         0  argv_veneer.o ABSOLUTE
    ../clib/armsys.c                         0x00000000   Number         0  _get_argv_nomalloc.o ABSOLUTE
    ../clib/armsys.c                         0x00000000   Number         0  no_argv.o ABSOLUTE
    ../clib/heapalloc.c                      0x00000000   Number         0  hrguard.o ABSOLUTE
    ../clib/heapaux.c                        0x00000000   Number         0  heapauxi.o ABSOLUTE
    ../clib/libinit.s                        0x00000000   Number         0  libinit.o ABSOLUTE
    ../clib/libinit.s                        0x00000000   Number         0  libinit2.o ABSOLUTE
    ../clib/libinit.s                        0x00000000   Number         0  libshutdown.o ABSOLUTE
    ../clib/libinit.s                        0x00000000   Number         0  libshutdown2.o ABSOLUTE
    ../clib/memcpset.s                       0x00000000   Number         0  rt_memclr.o ABSOLUTE
    ../clib/memcpset.s                       0x00000000   Number         0  rt_memclr_w.o ABSOLUTE
    ../clib/signal.c                         0x00000000   Number         0  defsig_rtmem_outer.o ABSOLUTE
    ../clib/signal.c                         0x00000000   Number         0  defsig_rtmem_formal.o ABSOLUTE
    ../clib/signal.c                         0x00000000   Number         0  defsig_exit.o ABSOLUTE
    ../clib/signal.c                         0x00000000   Number         0  defsig_rtmem_inner.o ABSOLUTE
    ../clib/signal.c                         0x00000000   Number         0  __raise.o ABSOLUTE
    ../clib/signal.c                         0x00000000   Number         0  defsig_general.o ABSOLUTE
    ../clib/signal.c                         0x00000000   Number         0  defsig_abrt_inner.o ABSOLUTE
    ../clib/signal.c                         0x00000000   Number         0  defsig_fpe_inner.o ABSOLUTE
    ../clib/signal.c                         0x00000000   Number         0  defsig_rtred_inner.o ABSOLUTE
    ../clib/signal.c                         0x00000000   Number         0  defsig_stak_inner.o ABSOLUTE
    ../clib/signal.c                         0x00000000   Number         0  defsig_pvfn_inner.o ABSOLUTE
    ../clib/signal.c                         0x00000000   Number         0  defsig_cppl_inner.o ABSOLUTE
    ../clib/signal.c                         0x00000000   Number         0  defsig_segv_inner.o ABSOLUTE
    ../clib/signal.c                         0x00000000   Number         0  defsig_other.o ABSOLUTE
    ../clib/signal.s                         0x00000000   Number         0  defsig.o ABSOLUTE
    ../clib/stdlib.c                         0x00000000   Number         0  exit.o ABSOLUTE
    ../fplib/fpinit.s                        0x00000000   Number         0  fpinit.o ABSOLUTE
    ../fplib/fpinit_empty.s                  0x00000000   Number         0  fpinit_empty.o ABSOLUTE
    CMSIS/CM4/device_support/startup/mdk/startup_at32f415.s 0x00000000   Number         0  startup_at32f415.o ABSOLUTE
    Src/AT32F4xx_OPT.s                       0x00000000   Number         0  at32f4xx_opt.o ABSOLUTE
    at32f415_adc.c                           0x00000000   Number         0  at32f415_adc.o ABSOLUTE
    at32f415_can.c                           0x00000000   Number         0  at32f415_can.o ABSOLUTE
    at32f415_cmp.c                           0x00000000   Number         0  at32f415_cmp.o ABSOLUTE
    at32f415_crc.c                           0x00000000   Number         0  at32f415_crc.o ABSOLUTE
    at32f415_crm.c                           0x00000000   Number         0  at32f415_crm.o ABSOLUTE
    at32f415_debug.c                         0x00000000   Number         0  at32f415_debug.o ABSOLUTE
    at32f415_dma.c                           0x00000000   Number         0  at32f415_dma.o ABSOLUTE
    at32f415_ertc.c                          0x00000000   Number         0  at32f415_ertc.o ABSOLUTE
    at32f415_exint.c                         0x00000000   Number         0  at32f415_exint.o ABSOLUTE
    at32f415_flash.c                         0x00000000   Number         0  at32f415_flash.o ABSOLUTE
    at32f415_gpio.c                          0x00000000   Number         0  at32f415_gpio.o ABSOLUTE
    at32f415_i2c.c                           0x00000000   Number         0  at32f415_i2c.o ABSOLUTE
    at32f415_it.c                            0x00000000   Number         0  at32f415_it.o ABSOLUTE
    at32f415_misc.c                          0x00000000   Number         0  at32f415_misc.o ABSOLUTE
    at32f415_pwc.c                           0x00000000   Number         0  at32f415_pwc.o ABSOLUTE
    at32f415_sdio.c                          0x00000000   Number         0  at32f415_sdio.o ABSOLUTE
    at32f415_spi.c                           0x00000000   Number         0  at32f415_spi.o ABSOLUTE
    at32f415_tmr.c                           0x00000000   Number         0  at32f415_tmr.o ABSOLUTE
    at32f415_usart.c                         0x00000000   Number         0  at32f415_usart.o ABSOLUTE
    at32f415_usb.c                           0x00000000   Number         0  at32f415_usb.o ABSOLUTE
    at32f415_wdt.c                           0x00000000   Number         0  at32f415_wdt.o ABSOLUTE
    at32f415_wwdt.c                          0x00000000   Number         0  at32f415_wwdt.o ABSOLUTE
    dc.s                                     0x00000000   Number         0  dc.o ABSOLUTE
    eeprom.c                                 0x00000000   Number         0  eeprom.o ABSOLUTE
    main.c                                   0x00000000   Number         0  main.o ABSOLUTE
    system_at32f415.c                        0x00000000   Number         0  system_at32f415.o ABSOLUTE
    RESET                                    0x08000000   Section      368  startup_at32f415.o(RESET)
    !!!main                                  0x08000170   Section        8  __main.o(!!!main)
    !!!scatter                               0x08000178   Section       52  __scatter.o(!!!scatter)
    !!handler_copy                           0x080001ac   Section       26  __scatter_copy.o(!!handler_copy)
    !!handler_zi                             0x080001c8   Section       28  __scatter_zi.o(!!handler_zi)
    .ARM.Collect$$libinit$$00000000          0x080001e4   Section        2  libinit.o(.ARM.Collect$$libinit$$00000000)
    .ARM.Collect$$libinit$$00000002          0x080001e6   Section        0  libinit2.o(.ARM.Collect$$libinit$$00000002)
    .ARM.Collect$$libinit$$00000004          0x080001e6   Section        0  libinit2.o(.ARM.Collect$$libinit$$00000004)
    .ARM.Collect$$libinit$$0000000A          0x080001e6   Section        0  libinit2.o(.ARM.Collect$$libinit$$0000000A)
    .ARM.Collect$$libinit$$0000000C          0x080001e6   Section        0  libinit2.o(.ARM.Collect$$libinit$$0000000C)
    .ARM.Collect$$libinit$$0000000E          0x080001e6   Section        0  libinit2.o(.ARM.Collect$$libinit$$0000000E)
    .ARM.Collect$$libinit$$00000011          0x080001e6   Section        0  libinit2.o(.ARM.Collect$$libinit$$00000011)
    .ARM.Collect$$libinit$$00000013          0x080001e6   Section        0  libinit2.o(.ARM.Collect$$libinit$$00000013)
    .ARM.Collect$$libinit$$00000015          0x080001e6   Section        0  libinit2.o(.ARM.Collect$$libinit$$00000015)
    .ARM.Collect$$libinit$$00000017          0x080001e6   Section        0  libinit2.o(.ARM.Collect$$libinit$$00000017)
    .ARM.Collect$$libinit$$00000019          0x080001e6   Section        0  libinit2.o(.ARM.Collect$$libinit$$00000019)
    .ARM.Collect$$libinit$$0000001B          0x080001e6   Section        0  libinit2.o(.ARM.Collect$$libinit$$0000001B)
    .ARM.Collect$$libinit$$0000001D          0x080001e6   Section        0  libinit2.o(.ARM.Collect$$libinit$$0000001D)
    .ARM.Collect$$libinit$$0000001F          0x080001e6   Section        0  libinit2.o(.ARM.Collect$$libinit$$0000001F)
    .ARM.Collect$$libinit$$00000021          0x080001e6   Section        0  libinit2.o(.ARM.Collect$$libinit$$00000021)
    .ARM.Collect$$libinit$$00000023          0x080001e6   Section        0  libinit2.o(.ARM.Collect$$libinit$$00000023)
    .ARM.Collect$$libinit$$00000025          0x080001e6   Section        0  libinit2.o(.ARM.Collect$$libinit$$00000025)
    .ARM.Collect$$libinit$$0000002C          0x080001e6   Section        0  libinit2.o(.ARM.Collect$$libinit$$0000002C)
    .ARM.Collect$$libinit$$0000002E          0x080001e6   Section        0  libinit2.o(.ARM.Collect$$libinit$$0000002E)
    .ARM.Collect$$libinit$$00000030          0x080001e6   Section        0  libinit2.o(.ARM.Collect$$libinit$$00000030)
    .ARM.Collect$$libinit$$00000032          0x080001e6   Section        0  libinit2.o(.ARM.Collect$$libinit$$00000032)
    .ARM.Collect$$libinit$$00000033          0x080001e6   Section        2  libinit2.o(.ARM.Collect$$libinit$$00000033)
    .ARM.Collect$$libshutdown$$00000000      0x080001e8   Section        2  libshutdown.o(.ARM.Collect$$libshutdown$$00000000)
    .ARM.Collect$$libshutdown$$00000002      0x080001ea   Section        0  libshutdown2.o(.ARM.Collect$$libshutdown$$00000002)
    .ARM.Collect$$libshutdown$$00000004      0x080001ea   Section        0  libshutdown2.o(.ARM.Collect$$libshutdown$$00000004)
    .ARM.Collect$$libshutdown$$00000007      0x080001ea   Section        0  libshutdown2.o(.ARM.Collect$$libshutdown$$00000007)
    .ARM.Collect$$libshutdown$$0000000A      0x080001ea   Section        0  libshutdown2.o(.ARM.Collect$$libshutdown$$0000000A)
    .ARM.Collect$$libshutdown$$0000000C      0x080001ea   Section        0  libshutdown2.o(.ARM.Collect$$libshutdown$$0000000C)
    .ARM.Collect$$libshutdown$$0000000F      0x080001ea   Section        0  libshutdown2.o(.ARM.Collect$$libshutdown$$0000000F)
    .ARM.Collect$$libshutdown$$00000010      0x080001ea   Section        2  libshutdown2.o(.ARM.Collect$$libshutdown$$00000010)
    .ARM.Collect$$rtentry$$00000000          0x080001ec   Section        0  __rtentry.o(.ARM.Collect$$rtentry$$00000000)
    .ARM.Collect$$rtentry$$00000002          0x080001ec   Section        0  __rtentry2.o(.ARM.Collect$$rtentry$$00000002)
    .ARM.Collect$$rtentry$$00000004          0x080001ec   Section        6  __rtentry4.o(.ARM.Collect$$rtentry$$00000004)
    .ARM.Collect$$rtentry$$00000009          0x080001f2   Section        0  __rtentry2.o(.ARM.Collect$$rtentry$$00000009)
    .ARM.Collect$$rtentry$$0000000A          0x080001f2   Section        4  __rtentry2.o(.ARM.Collect$$rtentry$$0000000A)
    .ARM.Collect$$rtentry$$0000000C          0x080001f6   Section        0  __rtentry2.o(.ARM.Collect$$rtentry$$0000000C)
    .ARM.Collect$$rtentry$$0000000D          0x080001f6   Section        8  __rtentry2.o(.ARM.Collect$$rtentry$$0000000D)
    .ARM.Collect$$rtexit$$00000000           0x080001fe   Section        2  rtexit.o(.ARM.Collect$$rtexit$$00000000)
    .ARM.Collect$$rtexit$$00000002           0x08000200   Section        0  rtexit2.o(.ARM.Collect$$rtexit$$00000002)
    .ARM.Collect$$rtexit$$00000003           0x08000200   Section        4  rtexit2.o(.ARM.Collect$$rtexit$$00000003)
    .ARM.Collect$$rtexit$$00000004           0x08000204   Section        6  rtexit2.o(.ARM.Collect$$rtexit$$00000004)
    .text                                    0x0800020c   Section       64  startup_at32f415.o(.text)
    .text                                    0x0800024c   Section       68  rt_memclr.o(.text)
    .text                                    0x08000290   Section       78  rt_memclr_w.o(.text)
    .text                                    0x080002de   Section        0  heapauxi.o(.text)
    .text                                    0x080002e4   Section       74  sys_stackheap_outer.o(.text)
    .text                                    0x0800032e   Section        0  exit.o(.text)
    .text                                    0x08000340   Section        8  libspace.o(.text)
    .text                                    0x08000348   Section        0  sys_exit.o(.text)
    .text                                    0x08000354   Section        2  use_no_semi.o(.text)
    [Anonymous Symbol]                       0x08000356   Section        0  at32f415_it.o(.text.BusFault_Handler)
    .text                                    0x08000356   Section        0  indicate_semi.o(.text)
    [Anonymous Symbol]                       0x08000358   Section        0  at32f415_it.o(.text.DebugMon_Handler)
    [Anonymous Symbol]                       0x0800035a   Section        0  at32f415_it.o(.text.HardFault_Handler)
    [Anonymous Symbol]                       0x0800035c   Section        0  at32f415_it.o(.text.MemManage_Handler)
    [Anonymous Symbol]                       0x0800035e   Section        0  at32f415_it.o(.text.NMI_Handler)
    OUTLINED_FUNCTION_0                      0x08000361   Thumb Code    12  main.o(.text.OUTLINED_FUNCTION_0)
    [Anonymous Symbol]                       0x08000360   Section        0  main.o(.text.OUTLINED_FUNCTION_0)
    OUTLINED_FUNCTION_0                      0x0800036d   Thumb Code    16  at32f415_flash.o(.text.OUTLINED_FUNCTION_0)
    [Anonymous Symbol]                       0x0800036c   Section        0  at32f415_flash.o(.text.OUTLINED_FUNCTION_0)
    OUTLINED_FUNCTION_1                      0x0800037d   Thumb Code     8  main.o(.text.OUTLINED_FUNCTION_1)
    [Anonymous Symbol]                       0x0800037c   Section        0  main.o(.text.OUTLINED_FUNCTION_1)
    OUTLINED_FUNCTION_1                      0x08000385   Thumb Code     8  at32f415_flash.o(.text.OUTLINED_FUNCTION_1)
    [Anonymous Symbol]                       0x08000384   Section        0  at32f415_flash.o(.text.OUTLINED_FUNCTION_1)
    OUTLINED_FUNCTION_3                      0x0800038d   Thumb Code    10  at32f415_flash.o(.text.OUTLINED_FUNCTION_3)
    [Anonymous Symbol]                       0x0800038c   Section        0  at32f415_flash.o(.text.OUTLINED_FUNCTION_3)
    OUTLINED_FUNCTION_6                      0x08000397   Thumb Code    10  at32f415_flash.o(.text.OUTLINED_FUNCTION_6)
    [Anonymous Symbol]                       0x08000396   Section        0  at32f415_flash.o(.text.OUTLINED_FUNCTION_6)
    [Anonymous Symbol]                       0x080003a0   Section        0  at32f415_it.o(.text.PendSV_Handler)
    [Anonymous Symbol]                       0x080003a2   Section        0  at32f415_it.o(.text.SVC_Handler)
    [Anonymous Symbol]                       0x080003a4   Section        0  at32f415_it.o(.text.SysTick_Handler)
    [Anonymous Symbol]                       0x080003a8   Section        0  system_at32f415.o(.text.SystemInit)
    __arm_cp.0_1                             0x0800040c   Number         4  system_at32f415.o(.text.SystemInit)
    __arm_cp.0_3                             0x08000410   Number         4  system_at32f415.o(.text.SystemInit)
    [Anonymous Symbol]                       0x08000414   Section        0  at32f415_it.o(.text.UsageFault_Handler)
    [Anonymous Symbol]                       0x08000418   Section        0  main.o(.text.checkCrc)
    __arm_cp.4_0                             0x08000438   Number         4  main.o(.text.checkCrc)
    [Anonymous Symbol]                       0x0800043c   Section        0  main.o(.text.checkForSignal)
    __arm_cp.18_0                            0x080004e0   Number         4  main.o(.text.checkForSignal)
    __arm_cp.18_1                            0x080004e4   Number         4  main.o(.text.checkForSignal)
    __arm_cp.18_2                            0x080004e8   Number         4  main.o(.text.checkForSignal)
    [Anonymous Symbol]                       0x080004ec   Section        0  at32f415_crm.o(.text.crm_ahb_div_set)
    [Anonymous Symbol]                       0x08000500   Section        0  at32f415_crm.o(.text.crm_apb1_div_set)
    [Anonymous Symbol]                       0x08000514   Section        0  at32f415_crm.o(.text.crm_apb2_div_set)
    [Anonymous Symbol]                       0x08000528   Section        0  at32f415_crm.o(.text.crm_auto_step_mode_enable)
    __arm_cp.28_0                            0x0800053c   Number         4  at32f415_crm.o(.text.crm_auto_step_mode_enable)
    [Anonymous Symbol]                       0x08000540   Section        0  at32f415_crm.o(.text.crm_clock_source_enable)
    [Anonymous Symbol]                       0x08000598   Section        0  at32f415_crm.o(.text.crm_flag_get)
    [Anonymous Symbol]                       0x080005ac   Section        0  at32f415_crm.o(.text.crm_periph_clock_enable)
    [Anonymous Symbol]                       0x080005c8   Section        0  at32f415_crm.o(.text.crm_pll_config)
    [Anonymous Symbol]                       0x08000614   Section        0  at32f415_crm.o(.text.crm_reset)
    __arm_cp.0_0                             0x08000654   Number         4  at32f415_crm.o(.text.crm_reset)
    __arm_cp.0_1                             0x08000658   Number         4  at32f415_crm.o(.text.crm_reset)
    [Anonymous Symbol]                       0x0800065c   Section        0  at32f415_crm.o(.text.crm_sysclk_switch)
    [Anonymous Symbol]                       0x08000668   Section        0  at32f415_crm.o(.text.crm_sysclk_switch_status_get)
    __arm_cp.24_0                            0x08000674   Number         4  at32f415_crm.o(.text.crm_sysclk_switch_status_get)
    [Anonymous Symbol]                       0x08000678   Section        0  main.o(.text.decodeInput)
    __arm_cp.14_0                            0x08000898   Number         4  main.o(.text.decodeInput)
    __arm_cp.14_1                            0x0800089c   Number         4  main.o(.text.decodeInput)
    __arm_cp.14_2                            0x080008a0   Number         4  main.o(.text.decodeInput)
    __arm_cp.14_3                            0x080008a4   Number         4  main.o(.text.decodeInput)
    [Anonymous Symbol]                       0x080008a8   Section        0  main.o(.text.delayMicroseconds)
    __arm_cp.1_0                             0x080008b8   Number         4  main.o(.text.delayMicroseconds)
    [Anonymous Symbol]                       0x080008bc   Section        0  at32f415_flash.o(.text.flash_flag_clear)
    [Anonymous Symbol]                       0x080008c4   Section        0  at32f415_flash.o(.text.flash_lock)
    [Anonymous Symbol]                       0x080008d0   Section        0  at32f415_flash.o(.text.flash_operation_status_get)
    __arm_cp.2_0                             0x080008f4   Number         4  at32f415_flash.o(.text.flash_operation_status_get)
    [Anonymous Symbol]                       0x080008f8   Section        0  at32f415_flash.o(.text.flash_operation_wait_for)
    [Anonymous Symbol]                       0x08000914   Section        0  at32f415_flash.o(.text.flash_sector_erase)
    [Anonymous Symbol]                       0x08000930   Section        0  at32f415_flash.o(.text.flash_unlock)
    __arm_cp.4_0                             0x0800093c   Number         4  at32f415_flash.o(.text.flash_unlock)
    __arm_cp.4_1                             0x08000940   Number         4  at32f415_flash.o(.text.flash_unlock)
    __arm_cp.4_2                             0x08000944   Number         4  at32f415_flash.o(.text.flash_unlock)
    [Anonymous Symbol]                       0x08000948   Section        0  at32f415_flash.o(.text.flash_word_program)
    __arm_cp.10_0                            0x0800095c   Number         4  at32f415_flash.o(.text.flash_word_program)
    [Anonymous Symbol]                       0x08000960   Section        0  at32f415_gpio.o(.text.gpio_default_para_init)
    [Anonymous Symbol]                       0x0800096c   Section        0  at32f415_gpio.o(.text.gpio_init)
    [Anonymous Symbol]                       0x08000a14   Section        0  main.o(.text.gpio_mode_set)
    __arm_cp.0_0                             0x08000a38   Number         4  main.o(.text.gpio_mode_set)
    [Anonymous Symbol]                       0x08000a3c   Section        0  at32f415_gpio.o(.text.gpio_pin_remap_config)
    __arm_cp.15_0                            0x08000a74   Number         4  at32f415_gpio.o(.text.gpio_pin_remap_config)
    [Anonymous Symbol]                       0x08000a78   Section        0  main.o(.text.jump)
    __arm_cp.2_0                             0x08000aac   Number         4  main.o(.text.jump)
    __arm_cp.2_2                             0x08000ab0   Number         4  main.o(.text.jump)
    [Anonymous Symbol]                       0x08000ab4   Section        0  main.o(.text.main)
    __arm_cp.19_1                            0x08000bc0   Number         4  main.o(.text.main)
    __arm_cp.19_2                            0x08000bc4   Number         4  main.o(.text.main)
    __arm_cp.19_3                            0x08000bc8   Number         4  main.o(.text.main)
    __arm_cp.19_4                            0x08000bcc   Number         4  main.o(.text.main)
    __arm_cp.19_5                            0x08000bd0   Number         4  main.o(.text.main)
    __arm_cp.19_6                            0x08000bd4   Number         4  main.o(.text.main)
    __arm_cp.19_7                            0x08000bd8   Number         4  main.o(.text.main)
    [Anonymous Symbol]                       0x08000bdc   Section        0  main.o(.text.makeCrc)
    __arm_cp.3_0                             0x08000c18   Number         4  main.o(.text.makeCrc)
    [Anonymous Symbol]                       0x08000c1c   Section        0  eeprom.o(.text.read_flash_bin)
    [Anonymous Symbol]                       0x08000c30   Section        0  main.o(.text.recieveBuffer)
    __arm_cp.16_1                            0x08000ca4   Number         4  main.o(.text.recieveBuffer)
    __arm_cp.16_2                            0x08000ca8   Number         4  main.o(.text.recieveBuffer)
    [Anonymous Symbol]                       0x08000cac   Section        0  eeprom.o(.text.save_flash_nolib)
    [Anonymous Symbol]                       0x08000d40   Section        0  main.o(.text.sendDeviceInfo)
    [Anonymous Symbol]                       0x08000d60   Section        0  main.o(.text.sendString)
    [Anonymous Symbol]                       0x08000d80   Section        0  main.o(.text.send_ACK)
    __arm_cp.7_0                             0x08000d98   Number         4  main.o(.text.send_ACK)
    [Anonymous Symbol]                       0x08000d9c   Section        0  main.o(.text.send_BAD_ACK)
    [Anonymous Symbol]                       0x08000db0   Section        0  main.o(.text.send_BAD_CRC_ACK)
    [Anonymous Symbol]                       0x08000dc4   Section        0  main.o(.text.serialreadChar)
    __arm_cp.15_0                            0x08000e30   Number         4  main.o(.text.serialreadChar)
    __arm_cp.15_1                            0x08000e34   Number         4  main.o(.text.serialreadChar)
    __arm_cp.15_2                            0x08000e38   Number         4  main.o(.text.serialreadChar)
    [Anonymous Symbol]                       0x08000e3c   Section        0  main.o(.text.serialwriteChar)
    [Anonymous Symbol]                       0x08000e68   Section        0  main.o(.text.setReceive)
    __arm_cp.5_0                             0x08000e7c   Number         4  main.o(.text.setReceive)
    [Anonymous Symbol]                       0x08000e80   Section        0  main.o(.text.setTransmit)
    __arm_cp.6_0                             0x08000e90   Number         4  main.o(.text.setTransmit)
    [Anonymous Symbol]                       0x08000e94   Section        0  system_at32f415.o(.text.system_core_clock_update)
    __arm_cp.1_0                             0x08000f30   Number         4  system_at32f415.o(.text.system_core_clock_update)
    __arm_cp.1_1                             0x08000f34   Number         4  system_at32f415.o(.text.system_core_clock_update)
    __arm_cp.1_2                             0x08000f38   Number         4  system_at32f415.o(.text.system_core_clock_update)
    __arm_cp.1_3                             0x08000f3c   Number         4  system_at32f415.o(.text.system_core_clock_update)
    __arm_cp.1_4                             0x08000f40   Number         4  system_at32f415.o(.text.system_core_clock_update)
    system_core_clock_update.sys_ahb_div_table 0x08000f44   Number         0  system_at32f415.o(.text.system_core_clock_update)
    .ARM.__AT_0x1FFFF800                     0x1ffff800   Section       12  at32f4xx_opt.o(.ARM.__AT_0x1FFFF800)
    [Anonymous Symbol]                       0x20000000   Section        0  main.o(.data..L_MergedGlobals)
    .bss                                     0x20000018   Section       96  libspace.o(.bss)
    [Anonymous Symbol]                       0x20000078   Section        0  main.o(.bss..L_MergedGlobals.1)
    Heap_Mem                                 0x200002b0   Data         512  startup_at32f415.o(HEAP)
    HEAP                                     0x200002b0   Section      512  startup_at32f415.o(HEAP)
    Stack_Mem                                0x200004b0   Data        1024  startup_at32f415.o(STACK)
    STACK                                    0x200004b0   Section     1024  startup_at32f415.o(STACK)
    __initial_sp                             0x200008b0   Data           0  startup_at32f415.o(STACK)

    Global Symbols

    Symbol Name                              Value     Ov Type        Size  Object(Section)

    BuildAttributes$$THM_ISAv4$E$P$D$K$B$S$7EM$PE$A:L22UL41UL21$X:L11$S22US41US21$IEEE1$IW$~IW$USESV6$~STKCKD$USESV7$~SHL$OSPACE$ROPI$EBA8$UX$STANDARDLIB$REQ8$PRES8$EABIv2 0x00000000   Number         0  anon$$obj.o ABSOLUTE
    __fp_init_empty                          0x00000000   Number         0  fpinit_empty.o ABSOLUTE
    __ARM_exceptions_init                     - Undefined Weak Reference
    __alloca_initialize                       - Undefined Weak Reference
    __arm_preinit_                            - Undefined Weak Reference
    __cpp_initialize__aeabi_                  - Undefined Weak Reference
    __cxa_finalize                            - Undefined Weak Reference
    __rt_locale                               - Undefined Weak Reference
    __sigvec_lookup                           - Undefined Weak Reference
    _atexit_init                              - Undefined Weak Reference
    _call_atexit_fns                          - Undefined Weak Reference
    _clock_init                               - Undefined Weak Reference
    _fp_trap_init                             - Undefined Weak Reference
    _fp_trap_shutdown                         - Undefined Weak Reference
    _get_lc_collate                           - Undefined Weak Reference
    _get_lc_ctype                             - Undefined Weak Reference
    _get_lc_monetary                          - Undefined Weak Reference
    _get_lc_numeric                           - Undefined Weak Reference
    _get_lc_time                              - Undefined Weak Reference
    _getenv_init                              - Undefined Weak Reference
    _handle_redirection                       - Undefined Weak Reference
    _init_alloc                               - Undefined Weak Reference
    _init_user_alloc                          - Undefined Weak Reference
    _initio                                   - Undefined Weak Reference
    _rand_init                                - Undefined Weak Reference
    _signal_finish                            - Undefined Weak Reference
    _signal_init                              - Undefined Weak Reference
    _terminate_alloc                          - Undefined Weak Reference
    _terminate_user_alloc                     - Undefined Weak Reference
    _terminateio                              - Undefined Weak Reference
    __Vectors_Size                           0x00000170   Number         0  startup_at32f415.o ABSOLUTE
    __Vectors                                0x08000000   Data           4  startup_at32f415.o(RESET)
    __Vectors_End                            0x08000170   Data           0  startup_at32f415.o(RESET)
    __main                                   0x08000171   Thumb Code     8  __main.o(!!!main)
    __scatterload                            0x08000179   Thumb Code     0  __scatter.o(!!!scatter)
    __scatterload_rt2                        0x08000179   Thumb Code    44  __scatter.o(!!!scatter)
    __scatterload_rt2_thumb_only             0x08000179   Thumb Code     0  __scatter.o(!!!scatter)
    __scatterload_null                       0x08000187   Thumb Code     0  __scatter.o(!!!scatter)
    __scatterload_copy                       0x080001ad   Thumb Code    26  __scatter_copy.o(!!handler_copy)
    __scatterload_zeroinit                   0x080001c9   Thumb Code    28  __scatter_zi.o(!!handler_zi)
    __rt_lib_init                            0x080001e5   Thumb Code     0  libinit.o(.ARM.Collect$$libinit$$00000000)
    __rt_lib_init_alloca_1                   0x080001e7   Thumb Code     0  libinit2.o(.ARM.Collect$$libinit$$0000002E)
    __rt_lib_init_argv_1                     0x080001e7   Thumb Code     0  libinit2.o(.ARM.Collect$$libinit$$0000002C)
    __rt_lib_init_atexit_1                   0x080001e7   Thumb Code     0  libinit2.o(.ARM.Collect$$libinit$$0000001B)
    __rt_lib_init_clock_1                    0x080001e7   Thumb Code     0  libinit2.o(.ARM.Collect$$libinit$$00000021)
    __rt_lib_init_cpp_1                      0x080001e7   Thumb Code     0  libinit2.o(.ARM.Collect$$libinit$$00000032)
    __rt_lib_init_exceptions_1               0x080001e7   Thumb Code     0  libinit2.o(.ARM.Collect$$libinit$$00000030)
    __rt_lib_init_fp_1                       0x080001e7   Thumb Code     0  libinit2.o(.ARM.Collect$$libinit$$00000002)
    __rt_lib_init_fp_trap_1                  0x080001e7   Thumb Code     0  libinit2.o(.ARM.Collect$$libinit$$0000001F)
    __rt_lib_init_getenv_1                   0x080001e7   Thumb Code     0  libinit2.o(.ARM.Collect$$libinit$$00000023)
    __rt_lib_init_heap_1                     0x080001e7   Thumb Code     0  libinit2.o(.ARM.Collect$$libinit$$0000000A)
    __rt_lib_init_lc_collate_1               0x080001e7   Thumb Code     0  libinit2.o(.ARM.Collect$$libinit$$00000011)
    __rt_lib_init_lc_ctype_1                 0x080001e7   Thumb Code     0  libinit2.o(.ARM.Collect$$libinit$$00000013)
    __rt_lib_init_lc_monetary_1              0x080001e7   Thumb Code     0  libinit2.o(.ARM.Collect$$libinit$$00000015)
    __rt_lib_init_lc_numeric_1               0x080001e7   Thumb Code     0  libinit2.o(.ARM.Collect$$libinit$$00000017)
    __rt_lib_init_lc_time_1                  0x080001e7   Thumb Code     0  libinit2.o(.ARM.Collect$$libinit$$00000019)
    __rt_lib_init_preinit_1                  0x080001e7   Thumb Code     0  libinit2.o(.ARM.Collect$$libinit$$00000004)
    __rt_lib_init_rand_1                     0x080001e7   Thumb Code     0  libinit2.o(.ARM.Collect$$libinit$$0000000E)
    __rt_lib_init_return                     0x080001e7   Thumb Code     0  libinit2.o(.ARM.Collect$$libinit$$00000033)
    __rt_lib_init_signal_1                   0x080001e7   Thumb Code     0  libinit2.o(.ARM.Collect$$libinit$$0000001D)
    __rt_lib_init_stdio_1                    0x080001e7   Thumb Code     0  libinit2.o(.ARM.Collect$$libinit$$00000025)
    __rt_lib_init_user_alloc_1               0x080001e7   Thumb Code     0  libinit2.o(.ARM.Collect$$libinit$$0000000C)
    __rt_lib_shutdown                        0x080001e9   Thumb Code     0  libshutdown.o(.ARM.Collect$$libshutdown$$00000000)
    __rt_lib_shutdown_cpp_1                  0x080001eb   Thumb Code     0  libshutdown2.o(.ARM.Collect$$libshutdown$$00000002)
    __rt_lib_shutdown_fp_trap_1              0x080001eb   Thumb Code     0  libshutdown2.o(.ARM.Collect$$libshutdown$$00000007)
    __rt_lib_shutdown_heap_1                 0x080001eb   Thumb Code     0  libshutdown2.o(.ARM.Collect$$libshutdown$$0000000F)
    __rt_lib_shutdown_return                 0x080001eb   Thumb Code     0  libshutdown2.o(.ARM.Collect$$libshutdown$$00000010)
    __rt_lib_shutdown_signal_1               0x080001eb   Thumb Code     0  libshutdown2.o(.ARM.Collect$$libshutdown$$0000000A)
    __rt_lib_shutdown_stdio_1                0x080001eb   Thumb Code     0  libshutdown2.o(.ARM.Collect$$libshutdown$$00000004)
    __rt_lib_shutdown_user_alloc_1           0x080001eb   Thumb Code     0  libshutdown2.o(.ARM.Collect$$libshutdown$$0000000C)
    __rt_entry                               0x080001ed   Thumb Code     0  __rtentry.o(.ARM.Collect$$rtentry$$00000000)
    __rt_entry_presh_1                       0x080001ed   Thumb Code     0  __rtentry2.o(.ARM.Collect$$rtentry$$00000002)
    __rt_entry_sh                            0x080001ed   Thumb Code     0  __rtentry4.o(.ARM.Collect$$rtentry$$00000004)
    __rt_entry_li                            0x080001f3   Thumb Code     0  __rtentry2.o(.ARM.Collect$$rtentry$$0000000A)
    __rt_entry_postsh_1                      0x080001f3   Thumb Code     0  __rtentry2.o(.ARM.Collect$$rtentry$$00000009)
    __rt_entry_main                          0x080001f7   Thumb Code     0  __rtentry2.o(.ARM.Collect$$rtentry$$0000000D)
    __rt_entry_postli_1                      0x080001f7   Thumb Code     0  __rtentry2.o(.ARM.Collect$$rtentry$$0000000C)
    __rt_exit                                0x080001ff   Thumb Code     0  rtexit.o(.ARM.Collect$$rtexit$$00000000)
    __rt_exit_ls                             0x08000201   Thumb Code     0  rtexit2.o(.ARM.Collect$$rtexit$$00000003)
    __rt_exit_prels_1                        0x08000201   Thumb Code     0  rtexit2.o(.ARM.Collect$$rtexit$$00000002)
    __rt_exit_exit                           0x08000205   Thumb Code     0  rtexit2.o(.ARM.Collect$$rtexit$$00000004)
    Reset_Handler                            0x0800020d   Thumb Code     8  startup_at32f415.o(.text)
    ADC1_IRQHandler                          0x08000227   Thumb Code     0  startup_at32f415.o(.text)
    CAN1_RX0_IRQHandler                      0x08000227   Thumb Code     0  startup_at32f415.o(.text)
    CAN1_RX1_IRQHandler                      0x08000227   Thumb Code     0  startup_at32f415.o(.text)
    CAN1_SE_IRQHandler                       0x08000227   Thumb Code     0  startup_at32f415.o(.text)
    CAN1_TX_IRQHandler                       0x08000227   Thumb Code     0  startup_at32f415.o(.text)
    CMP1_IRQHandler                          0x08000227   Thumb Code     0  startup_at32f415.o(.text)
    CMP2_IRQHandler                          0x08000227   Thumb Code     0  startup_at32f415.o(.text)
    CRM_IRQHandler                           0x08000227   Thumb Code     0  startup_at32f415.o(.text)
    DMA1_Channel1_IRQHandler                 0x08000227   Thumb Code     0  startup_at32f415.o(.text)
    DMA1_Channel2_IRQHandler                 0x08000227   Thumb Code     0  startup_at32f415.o(.text)
    DMA1_Channel3_IRQHandler                 0x08000227   Thumb Code     0  startup_at32f415.o(.text)
    DMA1_Channel4_IRQHandler                 0x08000227   Thumb Code     0  startup_at32f415.o(.text)
    DMA1_Channel5_IRQHandler                 0x08000227   Thumb Code     0  startup_at32f415.o(.text)
    DMA1_Channel6_IRQHandler                 0x08000227   Thumb Code     0  startup_at32f415.o(.text)
    DMA1_Channel7_IRQHandler                 0x08000227   Thumb Code     0  startup_at32f415.o(.text)
    DMA2_Channel1_IRQHandler                 0x08000227   Thumb Code     0  startup_at32f415.o(.text)
    DMA2_Channel2_IRQHandler                 0x08000227   Thumb Code     0  startup_at32f415.o(.text)
    DMA2_Channel3_IRQHandler                 0x08000227   Thumb Code     0  startup_at32f415.o(.text)
    DMA2_Channel4_5_IRQHandler               0x08000227   Thumb Code     0  startup_at32f415.o(.text)
    DMA2_Channel6_7_IRQHandler               0x08000227   Thumb Code     0  startup_at32f415.o(.text)
    ERTCAlarm_IRQHandler                     0x08000227   Thumb Code     0  startup_at32f415.o(.text)
    ERTC_WKUP_IRQHandler                     0x08000227   Thumb Code     0  startup_at32f415.o(.text)
    EXINT0_IRQHandler                        0x08000227   Thumb Code     0  startup_at32f415.o(.text)
    EXINT15_10_IRQHandler                    0x08000227   Thumb Code     0  startup_at32f415.o(.text)
    EXINT1_IRQHandler                        0x08000227   Thumb Code     0  startup_at32f415.o(.text)
    EXINT2_IRQHandler                        0x08000227   Thumb Code     0  startup_at32f415.o(.text)
    EXINT3_IRQHandler                        0x08000227   Thumb Code     0  startup_at32f415.o(.text)
    EXINT4_IRQHandler                        0x08000227   Thumb Code     0  startup_at32f415.o(.text)
    EXINT9_5_IRQHandler                      0x08000227   Thumb Code     0  startup_at32f415.o(.text)
    FLASH_IRQHandler                         0x08000227   Thumb Code     0  startup_at32f415.o(.text)
    I2C1_ERR_IRQHandler                      0x08000227   Thumb Code     0  startup_at32f415.o(.text)
    I2C1_EVT_IRQHandler                      0x08000227   Thumb Code     0  startup_at32f415.o(.text)
    I2C2_ERR_IRQHandler                      0x08000227   Thumb Code     0  startup_at32f415.o(.text)
    I2C2_EVT_IRQHandler                      0x08000227   Thumb Code     0  startup_at32f415.o(.text)
    OTGFS1_IRQHandler                        0x08000227   Thumb Code     0  startup_at32f415.o(.text)
    OTGFS1_WKUP_IRQHandler                   0x08000227   Thumb Code     0  startup_at32f415.o(.text)
    PVM_IRQHandler                           0x08000227   Thumb Code     0  startup_at32f415.o(.text)
    SDIO1_IRQHandler                         0x08000227   Thumb Code     0  startup_at32f415.o(.text)
    SPI1_IRQHandler                          0x08000227   Thumb Code     0  startup_at32f415.o(.text)
    SPI2_IRQHandler                          0x08000227   Thumb Code     0  startup_at32f415.o(.text)
    TAMP_STAMP_IRQHandler                    0x08000227   Thumb Code     0  startup_at32f415.o(.text)
    TMR1_BRK_TMR9_IRQHandler                 0x08000227   Thumb Code     0  startup_at32f415.o(.text)
    TMR1_CH_IRQHandler                       0x08000227   Thumb Code     0  startup_at32f415.o(.text)
    TMR1_OVF_TMR10_IRQHandler                0x08000227   Thumb Code     0  startup_at32f415.o(.text)
    TMR1_TRG_HALL_TMR11_IRQHandler           0x08000227   Thumb Code     0  startup_at32f415.o(.text)
    TMR2_GLOBAL_IRQHandler                   0x08000227   Thumb Code     0  startup_at32f415.o(.text)
    TMR3_GLOBAL_IRQHandler                   0x08000227   Thumb Code     0  startup_at32f415.o(.text)
    TMR4_GLOBAL_IRQHandler                   0x08000227   Thumb Code     0  startup_at32f415.o(.text)
    TMR5_GLOBAL_IRQHandler                   0x08000227   Thumb Code     0  startup_at32f415.o(.text)
    UART4_IRQHandler                         0x08000227   Thumb Code     0  startup_at32f415.o(.text)
    UART5_IRQHandler                         0x08000227   Thumb Code     0  startup_at32f415.o(.text)
    USART1_IRQHandler                        0x08000227   Thumb Code     0  startup_at32f415.o(.text)
    USART2_IRQHandler                        0x08000227   Thumb Code     0  startup_at32f415.o(.text)
    USART3_IRQHandler                        0x08000227   Thumb Code     0  startup_at32f415.o(.text)
    WWDT_IRQHandler                          0x08000227   Thumb Code     0  startup_at32f415.o(.text)
    __user_initial_stackheap                 0x08000229   Thumb Code     0  startup_at32f415.o(.text)
    __aeabi_memclr                           0x0800024d   Thumb Code     0  rt_memclr.o(.text)
    __rt_memclr                              0x0800024d   Thumb Code     0  rt_memclr.o(.text)
    _memset                                  0x08000251   Thumb Code    64  rt_memclr.o(.text)
    __aeabi_memclr4                          0x08000291   Thumb Code     0  rt_memclr_w.o(.text)
    __aeabi_memclr8                          0x08000291   Thumb Code     0  rt_memclr_w.o(.text)
    __rt_memclr_w                            0x08000291   Thumb Code     0  rt_memclr_w.o(.text)
    _memset_w                                0x08000295   Thumb Code    74  rt_memclr_w.o(.text)
    __use_two_region_memory                  0x080002df   Thumb Code     2  heapauxi.o(.text)
    __rt_heap_escrow$2region                 0x080002e1   Thumb Code     2  heapauxi.o(.text)
    __rt_heap_expand$2region                 0x080002e3   Thumb Code     2  heapauxi.o(.text)
    __user_setup_stackheap                   0x080002e5   Thumb Code    74  sys_stackheap_outer.o(.text)
    exit                                     0x0800032f   Thumb Code    18  exit.o(.text)
    __user_libspace                          0x08000341   Thumb Code     8  libspace.o(.text)
    __user_perproc_libspace                  0x08000341   Thumb Code     0  libspace.o(.text)
    __user_perthread_libspace                0x08000341   Thumb Code     0  libspace.o(.text)
    _sys_exit                                0x08000349   Thumb Code     8  sys_exit.o(.text)
    __I$use$semihosting                      0x08000355   Thumb Code     0  use_no_semi.o(.text)
    __use_no_semihosting_swi                 0x08000355   Thumb Code     2  use_no_semi.o(.text)
    BusFault_Handler                         0x08000357   Thumb Code     2  at32f415_it.o(.text.BusFault_Handler)
    __semihosting_library_function           0x08000357   Thumb Code     0  indicate_semi.o(.text)
    DebugMon_Handler                         0x08000359   Thumb Code     2  at32f415_it.o(.text.DebugMon_Handler)
    HardFault_Handler                        0x0800035b   Thumb Code     2  at32f415_it.o(.text.HardFault_Handler)
    MemManage_Handler                        0x0800035d   Thumb Code     2  at32f415_it.o(.text.MemManage_Handler)
    NMI_Handler                              0x0800035f   Thumb Code     2  at32f415_it.o(.text.NMI_Handler)
    PendSV_Handler                           0x080003a1   Thumb Code     2  at32f415_it.o(.text.PendSV_Handler)
    SVC_Handler                              0x080003a3   Thumb Code     2  at32f415_it.o(.text.SVC_Handler)
    SysTick_Handler                          0x080003a5   Thumb Code     2  at32f415_it.o(.text.SysTick_Handler)
    SystemInit                               0x080003a9   Thumb Code   100  system_at32f415.o(.text.SystemInit)
    UsageFault_Handler                       0x08000415   Thumb Code     2  at32f415_it.o(.text.UsageFault_Handler)
    checkCrc                                 0x08000419   Thumb Code    32  main.o(.text.checkCrc)
    checkForSignal                           0x0800043d   Thumb Code   164  main.o(.text.checkForSignal)
    crm_ahb_div_set                          0x080004ed   Thumb Code    20  at32f415_crm.o(.text.crm_ahb_div_set)
    crm_apb1_div_set                         0x08000501   Thumb Code    20  at32f415_crm.o(.text.crm_apb1_div_set)
    crm_apb2_div_set                         0x08000515   Thumb Code    20  at32f415_crm.o(.text.crm_apb2_div_set)
    crm_auto_step_mode_enable                0x08000529   Thumb Code    20  at32f415_crm.o(.text.crm_auto_step_mode_enable)
    crm_clock_source_enable                  0x08000541   Thumb Code    88  at32f415_crm.o(.text.crm_clock_source_enable)
    crm_flag_get                             0x08000599   Thumb Code    20  at32f415_crm.o(.text.crm_flag_get)
    crm_periph_clock_enable                  0x080005ad   Thumb Code    28  at32f415_crm.o(.text.crm_periph_clock_enable)
    crm_pll_config                           0x080005c9   Thumb Code    76  at32f415_crm.o(.text.crm_pll_config)
    crm_reset                                0x08000615   Thumb Code    64  at32f415_crm.o(.text.crm_reset)
    crm_sysclk_switch                        0x0800065d   Thumb Code    12  at32f415_crm.o(.text.crm_sysclk_switch)
    crm_sysclk_switch_status_get             0x08000669   Thumb Code    12  at32f415_crm.o(.text.crm_sysclk_switch_status_get)
    decodeInput                              0x08000679   Thumb Code   544  main.o(.text.decodeInput)
    delayMicroseconds                        0x080008a9   Thumb Code    16  main.o(.text.delayMicroseconds)
    flash_flag_clear                         0x080008bd   Thumb Code     8  at32f415_flash.o(.text.flash_flag_clear)
    flash_lock                               0x080008c5   Thumb Code    12  at32f415_flash.o(.text.flash_lock)
    flash_operation_status_get               0x080008d1   Thumb Code    36  at32f415_flash.o(.text.flash_operation_status_get)
    flash_operation_wait_for                 0x080008f9   Thumb Code    28  at32f415_flash.o(.text.flash_operation_wait_for)
    flash_sector_erase                       0x08000915   Thumb Code    28  at32f415_flash.o(.text.flash_sector_erase)
    flash_unlock                             0x08000931   Thumb Code    12  at32f415_flash.o(.text.flash_unlock)
    flash_word_program                       0x08000949   Thumb Code    20  at32f415_flash.o(.text.flash_word_program)
    gpio_default_para_init                   0x08000961   Thumb Code    12  at32f415_gpio.o(.text.gpio_default_para_init)
    gpio_init                                0x0800096d   Thumb Code   168  at32f415_gpio.o(.text.gpio_init)
    gpio_mode_set                            0x08000a15   Thumb Code    36  main.o(.text.gpio_mode_set)
    gpio_pin_remap_config                    0x08000a3d   Thumb Code    56  at32f415_gpio.o(.text.gpio_pin_remap_config)
    jump                                     0x08000a79   Thumb Code    52  main.o(.text.jump)
    main                                     0x08000ab5   Thumb Code   268  main.o(.text.main)
    makeCrc                                  0x08000bdd   Thumb Code    60  main.o(.text.makeCrc)
    read_flash_bin                           0x08000c1d   Thumb Code    18  eeprom.o(.text.read_flash_bin)
    recieveBuffer                            0x08000c31   Thumb Code   116  main.o(.text.recieveBuffer)
    save_flash_nolib                         0x08000cad   Thumb Code   148  eeprom.o(.text.save_flash_nolib)
    sendDeviceInfo                           0x08000d41   Thumb Code    32  main.o(.text.sendDeviceInfo)
    sendString                               0x08000d61   Thumb Code    30  main.o(.text.sendString)
    send_ACK                                 0x08000d81   Thumb Code    24  main.o(.text.send_ACK)
    send_BAD_ACK                             0x08000d9d   Thumb Code    20  main.o(.text.send_BAD_ACK)
    send_BAD_CRC_ACK                         0x08000db1   Thumb Code    20  main.o(.text.send_BAD_CRC_ACK)
    serialreadChar                           0x08000dc5   Thumb Code   108  main.o(.text.serialreadChar)
    serialwriteChar                          0x08000e3d   Thumb Code    44  main.o(.text.serialwriteChar)
    setReceive                               0x08000e69   Thumb Code    20  main.o(.text.setReceive)
    setTransmit                              0x08000e81   Thumb Code    16  main.o(.text.setTransmit)
    system_core_clock_update                 0x08000e95   Thumb Code   156  system_at32f415.o(.text.system_core_clock_update)
    Region$$Table$$Base                      0x08000f54   Number         0  anon$$obj.o(Region$$Table)
    Region$$Table$$Limit                     0x08000f74   Number         0  anon$$obj.o(Region$$Table)
    pin_code                                 0x20000000   Data           1  main.o(.data..L_MergedGlobals)
    newcount                                 0x20000004   Data           4  main.o(.data..L_MergedGlobals)
    deviceInfo                               0x20000008   Data           9  main.o(.data..L_MergedGlobals)
    system_core_clock                        0x20000014   Data           4  system_at32f415.o(.data.system_core_clock)
    __libspace_start                         0x20000018   Data          96  libspace.o(.bss)
    __temporary_stack_top$libspace           0x20000078   Data           0  libspace.o(.bss)
    messagereceived                          0x20000078   Data           1  main.o(.bss..L_MergedGlobals.1)
    eeprom_req                               0x20000079   Data           1  main.o(.bss..L_MergedGlobals.1)
    rxbyte                                   0x2000007a   Data           1  main.o(.bss..L_MergedGlobals.1)
    incoming_payload_no_command              0x2000007b   Data           1  main.o(.bss..L_MergedGlobals.1)
    calculated_crc_low_byte                  0x2000007c   Data           1  main.o(.bss..L_MergedGlobals.1)
    calculated_crc_high_byte                 0x2000007d   Data           1  main.o(.bss..L_MergedGlobals.1)
    receviedByte                             0x2000007e   Data           1  main.o(.bss..L_MergedGlobals.1)
    invalid_command                          0x20000080   Data           2  main.o(.bss..L_MergedGlobals.1)
    sentcount                                0x20000082   Data           2  main.o(.bss..L_MergedGlobals.1)
    payload_buffer_size                      0x20000084   Data           2  main.o(.bss..L_MergedGlobals.1)
    len                                      0x20000086   Data           2  main.o(.bss..L_MergedGlobals.1)
    address_expected_increment               0x20000088   Data           2  main.o(.bss..L_MergedGlobals.1)
    count                                    0x2000008c   Data           4  main.o(.bss..L_MergedGlobals.1)
    cmd                                      0x20000090   Data           4  main.o(.bss..L_MergedGlobals.1)
    JumpAddress                              0x20000094   Data           4  main.o(.bss..L_MergedGlobals.1)
    JumpToApplication                        0x20000098   Data           4  main.o(.bss..L_MergedGlobals.1)
    address                                  0x2000009c   Data           4  main.o(.bss..L_MergedGlobals.1)
    low_pin_count                            0x200000a0   Data           2  main.o(.bss.low_pin_count)
    payLoadBuffer                            0x200000a4   Data         256  main.o(.bss.payLoadBuffer)
    received                                 0x200001a4   Data           4  main.o(.bss.received)
    rxBuffer                                 0x200001a8   Data         258  main.o(.bss.rxBuffer)



==============================================================================

Memory Map of the image

  Image Entry point : 0x08000171

  Load Region LR_IROM1 (Base: 0x08000000, Size: 0x00000f90, Max: 0x00010000, ABSOLUTE)

    Execution Region ER_IROM1 (Exec base: 0x08000000, Load base: 0x08000000, Size: 0x00000f74, Max: 0x00010000, ABSOLUTE)

    Exec Addr    Load Addr    Size         Type   Attr      Idx    E Section Name        Object

    0x08000000   0x08000000   0x00000170   Data   RO            3    RESET               startup_at32f415.o
    0x08000170   0x08000170   0x00000008   Code   RO         1145  * !!!main             c_w.l(__main.o)
    0x08000178   0x08000178   0x00000034   Code   RO         1273    !!!scatter          c_w.l(__scatter.o)
    0x080001ac   0x080001ac   0x0000001a   Code   RO         1274    !!handler_copy      c_w.l(__scatter_copy.o)
    0x080001c6   0x080001c6   0x00000002   PAD
    0x080001c8   0x080001c8   0x0000001c   Code   RO         1275    !!handler_zi        c_w.l(__scatter_zi.o)
    0x080001e4   0x080001e4   0x00000002   Code   RO         1167    .ARM.Collect$$libinit$$00000000  c_w.l(libinit.o)
    0x080001e6   0x080001e6   0x00000000   Code   RO         1173    .ARM.Collect$$libinit$$00000002  c_w.l(libinit2.o)
    0x080001e6   0x080001e6   0x00000000   Code   RO         1175    .ARM.Collect$$libinit$$00000004  c_w.l(libinit2.o)
    0x080001e6   0x080001e6   0x00000000   Code   RO         1178    .ARM.Collect$$libinit$$0000000A  c_w.l(libinit2.o)
    0x080001e6   0x080001e6   0x00000000   Code   RO         1180    .ARM.Collect$$libinit$$0000000C  c_w.l(libinit2.o)
    0x080001e6   0x080001e6   0x00000000   Code   RO         1182    .ARM.Collect$$libinit$$0000000E  c_w.l(libinit2.o)
    0x080001e6   0x080001e6   0x00000000   Code   RO         1185    .ARM.Collect$$libinit$$00000011  c_w.l(libinit2.o)
    0x080001e6   0x080001e6   0x00000000   Code   RO         1187    .ARM.Collect$$libinit$$00000013  c_w.l(libinit2.o)
    0x080001e6   0x080001e6   0x00000000   Code   RO         1189    .ARM.Collect$$libinit$$00000015  c_w.l(libinit2.o)
    0x080001e6   0x080001e6   0x00000000   Code   RO         1191    .ARM.Collect$$libinit$$00000017  c_w.l(libinit2.o)
    0x080001e6   0x080001e6   0x00000000   Code   RO         1193    .ARM.Collect$$libinit$$00000019  c_w.l(libinit2.o)
    0x080001e6   0x080001e6   0x00000000   Code   RO         1195    .ARM.Collect$$libinit$$0000001B  c_w.l(libinit2.o)
    0x080001e6   0x080001e6   0x00000000   Code   RO         1197    .ARM.Collect$$libinit$$0000001D  c_w.l(libinit2.o)
    0x080001e6   0x080001e6   0x00000000   Code   RO         1199    .ARM.Collect$$libinit$$0000001F  c_w.l(libinit2.o)
    0x080001e6   0x080001e6   0x00000000   Code   RO         1201    .ARM.Collect$$libinit$$00000021  c_w.l(libinit2.o)
    0x080001e6   0x080001e6   0x00000000   Code   RO         1203    .ARM.Collect$$libinit$$00000023  c_w.l(libinit2.o)
    0x080001e6   0x080001e6   0x00000000   Code   RO         1205    .ARM.Collect$$libinit$$00000025  c_w.l(libinit2.o)
    0x080001e6   0x080001e6   0x00000000   Code   RO         1209    .ARM.Collect$$libinit$$0000002C  c_w.l(libinit2.o)
    0x080001e6   0x080001e6   0x00000000   Code   RO         1211    .ARM.Collect$$libinit$$0000002E  c_w.l(libinit2.o)
    0x080001e6   0x080001e6   0x00000000   Code   RO         1213    .ARM.Collect$$libinit$$00000030  c_w.l(libinit2.o)
    0x080001e6   0x080001e6   0x00000000   Code   RO         1215    .ARM.Collect$$libinit$$00000032  c_w.l(libinit2.o)
    0x080001e6   0x080001e6   0x00000002   Code   RO         1216    .ARM.Collect$$libinit$$00000033  c_w.l(libinit2.o)
    0x080001e8   0x080001e8   0x00000002   Code   RO         1231    .ARM.Collect$$libshutdown$$00000000  c_w.l(libshutdown.o)
    0x080001ea   0x080001ea   0x00000000   Code   RO         1240    .ARM.Collect$$libshutdown$$00000002  c_w.l(libshutdown2.o)
    0x080001ea   0x080001ea   0x00000000   Code   RO         1242    .ARM.Collect$$libshutdown$$00000004  c_w.l(libshutdown2.o)
    0x080001ea   0x080001ea   0x00000000   Code   RO         1245    .ARM.Collect$$libshutdown$$00000007  c_w.l(libshutdown2.o)
    0x080001ea   0x080001ea   0x00000000   Code   RO         1248    .ARM.Collect$$libshutdown$$0000000A  c_w.l(libshutdown2.o)
    0x080001ea   0x080001ea   0x00000000   Code   RO         1250    .ARM.Collect$$libshutdown$$0000000C  c_w.l(libshutdown2.o)
    0x080001ea   0x080001ea   0x00000000   Code   RO         1253    .ARM.Collect$$libshutdown$$0000000F  c_w.l(libshutdown2.o)
    0x080001ea   0x080001ea   0x00000002   Code   RO         1254    .ARM.Collect$$libshutdown$$00000010  c_w.l(libshutdown2.o)
    0x080001ec   0x080001ec   0x00000000   Code   RO         1146    .ARM.Collect$$rtentry$$00000000  c_w.l(__rtentry.o)
    0x080001ec   0x080001ec   0x00000000   Code   RO         1148    .ARM.Collect$$rtentry$$00000002  c_w.l(__rtentry2.o)
    0x080001ec   0x080001ec   0x00000006   Code   RO         1160    .ARM.Collect$$rtentry$$00000004  c_w.l(__rtentry4.o)
    0x080001f2   0x080001f2   0x00000000   Code   RO         1150    .ARM.Collect$$rtentry$$00000009  c_w.l(__rtentry2.o)
    0x080001f2   0x080001f2   0x00000004   Code   RO         1151    .ARM.Collect$$rtentry$$0000000A  c_w.l(__rtentry2.o)
    0x080001f6   0x080001f6   0x00000000   Code   RO         1153    .ARM.Collect$$rtentry$$0000000C  c_w.l(__rtentry2.o)
    0x080001f6   0x080001f6   0x00000008   Code   RO         1154    .ARM.Collect$$rtentry$$0000000D  c_w.l(__rtentry2.o)
    0x080001fe   0x080001fe   0x00000002   Code   RO         1170    .ARM.Collect$$rtexit$$00000000  c_w.l(rtexit.o)
    0x08000200   0x08000200   0x00000000   Code   RO         1218    .ARM.Collect$$rtexit$$00000002  c_w.l(rtexit2.o)
    0x08000200   0x08000200   0x00000004   Code   RO         1219    .ARM.Collect$$rtexit$$00000003  c_w.l(rtexit2.o)
    0x08000204   0x08000204   0x00000006   Code   RO         1220    .ARM.Collect$$rtexit$$00000004  c_w.l(rtexit2.o)
    0x0800020a   0x0800020a   0x00000002   PAD
    0x0800020c   0x0800020c   0x00000040   Code   RO            4    .text               startup_at32f415.o
    0x0800024c   0x0800024c   0x00000044   Code   RO         1142    .text               c_w.l(rt_memclr.o)
    0x08000290   0x08000290   0x0000004e   Code   RO         1143    .text               c_w.l(rt_memclr_w.o)
    0x080002de   0x080002de   0x00000006   Code   RO         1144    .text               c_w.l(heapauxi.o)
    0x080002e4   0x080002e4   0x0000004a   Code   RO         1162    .text               c_w.l(sys_stackheap_outer.o)
    0x0800032e   0x0800032e   0x00000012   Code   RO         1163    .text               c_w.l(exit.o)
    0x08000340   0x08000340   0x00000008   Code   RO         1168    .text               c_w.l(libspace.o)
    0x08000348   0x08000348   0x0000000c   Code   RO         1226    .text               c_w.l(sys_exit.o)
    0x08000354   0x08000354   0x00000002   Code   RO         1234    .text               c_w.l(use_no_semi.o)
    0x08000356   0x08000356   0x00000000   Code   RO         1235    .text               c_w.l(indicate_semi.o)
    0x08000356   0x08000356   0x00000002   Code   RO           85    .text.BusFault_Handler  at32f415_it.o
    0x08000358   0x08000358   0x00000002   Code   RO           91    .text.DebugMon_Handler  at32f415_it.o
    0x0800035a   0x0800035a   0x00000002   Code   RO           81    .text.HardFault_Handler  at32f415_it.o
    0x0800035c   0x0800035c   0x00000002   Code   RO           83    .text.MemManage_Handler  at32f415_it.o
    0x0800035e   0x0800035e   0x00000002   Code   RO           79    .text.NMI_Handler   at32f415_it.o
    0x08000360   0x08000360   0x0000000c   Code   RO           53    .text.OUTLINED_FUNCTION_0  main.o
    0x0800036c   0x0800036c   0x00000010   Code   RO          582    .text.OUTLINED_FUNCTION_0  at32f415_flash.o
    0x0800037c   0x0800037c   0x00000008   Code   RO           55    .text.OUTLINED_FUNCTION_1  main.o
    0x08000384   0x08000384   0x00000008   Code   RO          584    .text.OUTLINED_FUNCTION_1  at32f415_flash.o
    0x0800038c   0x0800038c   0x0000000a   Code   RO          588    .text.OUTLINED_FUNCTION_3  at32f415_flash.o
    0x08000396   0x08000396   0x0000000a   Code   RO          594    .text.OUTLINED_FUNCTION_6  at32f415_flash.o
    0x080003a0   0x080003a0   0x00000002   Code   RO           93    .text.PendSV_Handler  at32f415_it.o
    0x080003a2   0x080003a2   0x00000002   Code   RO           89    .text.SVC_Handler   at32f415_it.o
    0x080003a4   0x080003a4   0x00000002   Code   RO           95    .text.SysTick_Handler  at32f415_it.o
    0x080003a6   0x080003a6   0x00000002   PAD
    0x080003a8   0x080003a8   0x0000006c   Code   RO            6    .text.SystemInit    system_at32f415.o
    0x08000414   0x08000414   0x00000002   Code   RO           87    .text.UsageFault_Handler  at32f415_it.o
    0x08000416   0x08000416   0x00000002   PAD
    0x08000418   0x08000418   0x00000024   Code   RO           21    .text.checkCrc      main.o
    0x0800043c   0x0800043c   0x000000b0   Code   RO           49    .text.checkForSignal  main.o
    0x080004ec   0x080004ec   0x00000014   Code   RO          298    .text.crm_ahb_div_set  at32f415_crm.o
    0x08000500   0x08000500   0x00000014   Code   RO          300    .text.crm_apb1_div_set  at32f415_crm.o
    0x08000514   0x08000514   0x00000014   Code   RO          302    .text.crm_apb2_div_set  at32f415_crm.o
    0x08000528   0x08000528   0x00000018   Code   RO          326    .text.crm_auto_step_mode_enable  at32f415_crm.o
    0x08000540   0x08000540   0x00000058   Code   RO          290    .text.crm_clock_source_enable  at32f415_crm.o
    0x08000598   0x08000598   0x00000014   Code   RO          276    .text.crm_flag_get  at32f415_crm.o
    0x080005ac   0x080005ac   0x0000001c   Code   RO          284    .text.crm_periph_clock_enable  at32f415_crm.o
    0x080005c8   0x080005c8   0x0000004c   Code   RO          312    .text.crm_pll_config  at32f415_crm.o
    0x08000614   0x08000614   0x00000048   Code   RO          270    .text.crm_reset     at32f415_crm.o
    0x0800065c   0x0800065c   0x0000000c   Code   RO          316    .text.crm_sysclk_switch  at32f415_crm.o
    0x08000668   0x08000668   0x00000010   Code   RO          318    .text.crm_sysclk_switch_status_get  at32f415_crm.o
    0x08000678   0x08000678   0x00000230   Code   RO           41    .text.decodeInput   main.o
    0x080008a8   0x080008a8   0x00000014   Code   RO           15    .text.delayMicroseconds  main.o
    0x080008bc   0x080008bc   0x00000008   Code   RO          518    .text.flash_flag_clear  at32f415_flash.o
    0x080008c4   0x080008c4   0x0000000c   Code   RO          526    .text.flash_lock    at32f415_flash.o
    0x080008d0   0x080008d0   0x00000028   Code   RO          520    .text.flash_operation_status_get  at32f415_flash.o
    0x080008f8   0x080008f8   0x0000001c   Code   RO          522    .text.flash_operation_wait_for  at32f415_flash.o
    0x08000914   0x08000914   0x0000001c   Code   RO          528    .text.flash_sector_erase  at32f415_flash.o
    0x08000930   0x08000930   0x00000018   Code   RO          524    .text.flash_unlock  at32f415_flash.o
    0x08000948   0x08000948   0x00000018   Code   RO          536    .text.flash_word_program  at32f415_flash.o
    0x08000960   0x08000960   0x0000000c   Code   RO          603    .text.gpio_default_para_init  at32f415_gpio.o
    0x0800096c   0x0800096c   0x000000a8   Code   RO          601    .text.gpio_init     at32f415_gpio.o
    0x08000a14   0x08000a14   0x00000028   Code   RO           13    .text.gpio_mode_set  main.o
    0x08000a3c   0x08000a3c   0x0000003c   Code   RO          627    .text.gpio_pin_remap_config  at32f415_gpio.o
    0x08000a78   0x08000a78   0x0000003c   Code   RO           17    .text.jump          main.o
    0x08000ab4   0x08000ab4   0x00000128   Code   RO           51    .text.main          main.o
    0x08000bdc   0x08000bdc   0x00000040   Code   RO           19    .text.makeCrc       main.o
    0x08000c1c   0x08000c1c   0x00000012   Code   RO           76    .text.read_flash_bin  eeprom.o
    0x08000c2e   0x08000c2e   0x00000002   PAD
    0x08000c30   0x08000c30   0x0000007c   Code   RO           45    .text.recieveBuffer  main.o
    0x08000cac   0x08000cac   0x00000094   Code   RO           74    .text.save_flash_nolib  eeprom.o
    0x08000d40   0x08000d40   0x00000020   Code   RO           35    .text.sendDeviceInfo  main.o
    0x08000d60   0x08000d60   0x0000001e   Code   RO           37    .text.sendString    main.o
    0x08000d7e   0x08000d7e   0x00000002   PAD
    0x08000d80   0x08000d80   0x0000001c   Code   RO           27    .text.send_ACK      main.o
    0x08000d9c   0x08000d9c   0x00000014   Code   RO           31    .text.send_BAD_ACK  main.o
    0x08000db0   0x08000db0   0x00000014   Code   RO           33    .text.send_BAD_CRC_ACK  main.o
    0x08000dc4   0x08000dc4   0x00000078   Code   RO           43    .text.serialreadChar  main.o
    0x08000e3c   0x08000e3c   0x0000002c   Code   RO           29    .text.serialwriteChar  main.o
    0x08000e68   0x08000e68   0x00000018   Code   RO           23    .text.setReceive    main.o
    0x08000e80   0x08000e80   0x00000014   Code   RO           25    .text.setTransmit   main.o
    0x08000e94   0x08000e94   0x000000c0   Code   RO            8    .text.system_core_clock_update  system_at32f415.o
    0x08000f54   0x08000f54   0x00000020   Data   RO         1272    Region$$Table       anon$$obj.o


    Execution Region RW_IRAM1 (Exec base: 0x20000000, Load base: 0x08000f78, Size: 0x000008b0, Max: 0x00008000, ABSOLUTE)

    Exec Addr    Load Addr    Size         Type   Attr      Idx    E Section Name        Object

    0x20000000   0x08000f78   0x00000011   Data   RW           71    .data..L_MergedGlobals  main.o
    0x20000011   0x08000f89   0x00000003   PAD
    0x20000014   0x08000f8c   0x00000004   Data   RW           10    .data.system_core_clock  system_at32f415.o
    0x20000018        -       0x00000060   Zero   RW         1169    .bss                c_w.l(libspace.o)
    0x20000078        -       0x00000028   Zero   RW           72    .bss..L_MergedGlobals.1  main.o
    0x200000a0        -       0x00000002   Zero   RW           58    .bss.low_pin_count  main.o
    0x200000a2   0x08000f90   0x00000002   PAD
    0x200000a4        -       0x00000100   Zero   RW           64    .bss.payLoadBuffer  main.o
    0x200001a4        -       0x00000004   Zero   RW           62    .bss.received       main.o
    0x200001a8        -       0x00000102   Zero   RW           63    .bss.rxBuffer       main.o
    0x200002aa   0x08000f90   0x00000006   PAD
    0x200002b0        -       0x00000200   Zero   RW            2    HEAP                startup_at32f415.o
    0x200004b0        -       0x00000400   Zero   RW            1    STACK               startup_at32f415.o



  Load Region LR$$.ARM.__AT_0x1FFFF800 (Base: 0x1ffff800, Size: 0x0000000c, Max: 0x0000000c, ABSOLUTE)

    Execution Region ER$$.ARM.__AT_0x1FFFF800 (Exec base: 0x1ffff800, Load base: 0x1ffff800, Size: 0x0000000c, Max: 0x0000000c, ABSOLUTE, UNINIT)

    Exec Addr    Load Addr    Size         Type   Attr      Idx    E Section Name        Object

    0x1ffff800   0x1ffff800   0x0000000c   Code   RO           11    .ARM.__AT_0x1FFFF800  at32f4xx_opt.o


==============================================================================

Image component sizes


      Code (inc. data)   RO Data    RW Data    ZI Data      Debug   Object Name

       396         22          0          0          0          0   at32f415_crm.o
       208         20          0          0          0          0   at32f415_flash.o
       240          4          0          0          0          0   at32f415_gpio.o
        18          0          0          0          0          0   at32f415_it.o
        12         12          0          0          0          0   at32f4xx_opt.o
       166          0          0          0          0          0   eeprom.o
      1734        116          0         17        560          0   main.o
        64         26        368          0       1536          0   startup_at32f415.o
       300         44          0          4          0          0   system_at32f415.o

    ----------------------------------------------------------------------
      3146        244        400         24       2104          0   Object Totals
         0          0         32          0          0          0   (incl. Generated)
         8          0          0          3          8          0   (incl. Padding)

    ----------------------------------------------------------------------

      Code (inc. data)   RO Data    RW Data    ZI Data      Debug   Library Member Name

         8          0          0          0          0          0   __main.o
         0          0          0          0          0          0   __rtentry.o
        12          0          0          0          0          0   __rtentry2.o
         6          0          0          0          0          0   __rtentry4.o
        52          8          0          0          0          0   __scatter.o
        26          0          0          0          0          0   __scatter_copy.o
        28          0          0          0          0          0   __scatter_zi.o
        18          0          0          0          0          0   exit.o
         6          0          0          0          0          0   heapauxi.o
         0          0          0          0          0          0   indicate_semi.o
         2          0          0          0          0          0   libinit.o
         2          0          0          0          0          0   libinit2.o
         2          0          0          0          0          0   libshutdown.o
         2          0          0          0          0          0   libshutdown2.o
         8          4          0          0         96          0   libspace.o
        68          0          0          0          0          0   rt_memclr.o
        78          0          0          0          0          0   rt_memclr_w.o
         2          0          0          0          0          0   rtexit.o
        10          0          0          0          0          0   rtexit2.o
        12          4          0          0          0          0   sys_exit.o
        74          0          0          0          0          0   sys_stackheap_outer.o
         2          0          0          0          0          0   use_no_semi.o

    ----------------------------------------------------------------------
       422         16          0          0         96          0   Library Totals
         4          0          0          0          0          0   (incl. Padding)

    ----------------------------------------------------------------------

      Code (inc. data)   RO Data    RW Data    ZI Data      Debug   Library Name

       418         16          0          0         96          0   c_w.l

    ----------------------------------------------------------------------
       422         16          0          0         96          0   Library Totals

    ----------------------------------------------------------------------

==============================================================================


      Code (inc. data)   RO Data    RW Data    ZI Data      Debug   

      3568        260        400         24       2200          0   Grand Totals
      3568        260        400         24       2200          0   ELF Image Totals
      3568        260        400         24          0          0   ROM Totals

==============================================================================

    Total RO  Size (Code + RO Data)                 3968 (   3.88kB)
    Total RW  Size (RW Data + ZI Data)              2224 (   2.17kB)
    Total ROM Size (Code + RO Data + RW Data)       3992 (   3.90kB)

==============================================================================

